Component: ARM Compiler 6.16 Tool: armlink [5dfeaa00]

==============================================================================

Section Cross References

    main.o(.text.Log_Tesk) refers to elog.o(.text.elog_init) for elog_init
    main.o(.text.Log_Tesk) refers to elog.o(.text.elog_set_fmt) for elog_set_fmt
    main.o(.text.Log_Tesk) refers to elog.o(.text.elog_start) for elog_start
    main.o(.text.Log_Tesk) refers to main.o(.rodata.str1.1) for .L.str.2
    main.o(.text.Log_Tesk) refers to elog.o(.text.elog_output) for elog_output
    main.o(.text.Log_Tesk) refers to tasks.o(.text.vTaskDelay) for vTaskDelay
    main.o(.ARM.exidx.text.Log_Tesk) refers to main.o(.text.Log_Tesk) for [Anonymous Symbol]
    main.o(.text.Led_Task) refers to led.o(.text.led_init) for led_init
    main.o(.text.Led_Task) refers to stm32f4xx_hal_gpio.o(.text.HAL_GPIO_TogglePin) for HAL_GPIO_TogglePin
    main.o(.text.Led_Task) refers to tasks.o(.text.vTaskDelay) for vTaskDelay
    main.o(.text.Led_Task) refers to main.o(.rodata.str1.1) for .L.str.3
    main.o(.text.Led_Task) refers to elog.o(.text.elog_output) for elog_output
    main.o(.ARM.exidx.text.Led_Task) refers to main.o(.text.Led_Task) for [Anonymous Symbol]
    main.o(.text.main) refers to stm32f4xx_hal.o(.text.HAL_Init) for HAL_Init
    main.o(.text.main) refers to main.o(.text.SystemClock_Config) for SystemClock_Config
    main.o(.text.main) refers to led.o(.text.led_init) for led_init
    main.o(.text.main) refers to usart.o(.text.usart_init) for usart_init
    main.o(.text.main) refers to main.o(.rodata.str1.1) for .L.str.4
    main.o(.text.main) refers to printf.o(.text) for printf
    main.o(.text.main) refers to main.o(.text.Led_Task) for Led_Task
    main.o(.text.main) refers to tasks.o(.text.xTaskCreate) for xTaskCreate
    main.o(.text.main) refers to main.o(.text.Log_Tesk) for Log_Tesk
    main.o(.text.main) refers to tasks.o(.text.vTaskStartScheduler) for vTaskStartScheduler
    main.o(.ARM.exidx.text.main) refers to main.o(.text.main) for [Anonymous Symbol]
    main.o(.text.SystemClock_Config) refers to rt_memclr_w.o(.text) for __aeabi_memclr4
    main.o(.text.SystemClock_Config) refers to stm32f4xx_hal_rcc.o(.text.HAL_RCC_OscConfig) for HAL_RCC_OscConfig
    main.o(.text.SystemClock_Config) refers to main.o(.text.Error_Handler) for Error_Handler
    main.o(.text.SystemClock_Config) refers to stm32f4xx_hal_rcc.o(.text.HAL_RCC_ClockConfig) for HAL_RCC_ClockConfig
    main.o(.ARM.exidx.text.SystemClock_Config) refers to main.o(.text.SystemClock_Config) for [Anonymous Symbol]
    main.o(.ARM.exidx.text.Error_Handler) refers to main.o(.text.Error_Handler) for [Anonymous Symbol]
    stm32f4xx_it.o(.ARM.exidx.text.NMI_Handler) refers to stm32f4xx_it.o(.text.NMI_Handler) for [Anonymous Symbol]
    stm32f4xx_it.o(.ARM.exidx.text.HardFault_Handler) refers to stm32f4xx_it.o(.text.HardFault_Handler) for [Anonymous Symbol]
    stm32f4xx_it.o(.ARM.exidx.text.MemManage_Handler) refers to stm32f4xx_it.o(.text.MemManage_Handler) for [Anonymous Symbol]
    stm32f4xx_it.o(.ARM.exidx.text.BusFault_Handler) refers to stm32f4xx_it.o(.text.BusFault_Handler) for [Anonymous Symbol]
    stm32f4xx_it.o(.ARM.exidx.text.UsageFault_Handler) refers to stm32f4xx_it.o(.text.UsageFault_Handler) for [Anonymous Symbol]
    stm32f4xx_it.o(.ARM.exidx.text.DebugMon_Handler) refers to stm32f4xx_it.o(.text.DebugMon_Handler) for [Anonymous Symbol]
    system_stm32f4xx.o(.ARM.exidx.text.SystemInit) refers to system_stm32f4xx.o(.text.SystemInit) for [Anonymous Symbol]
    system_stm32f4xx.o(.text.SystemCoreClockUpdate) refers to system_stm32f4xx.o(.data.SystemCoreClock) for SystemCoreClock
    system_stm32f4xx.o(.text.SystemCoreClockUpdate) refers to system_stm32f4xx.o(.rodata.AHBPrescTable) for AHBPrescTable
    system_stm32f4xx.o(.ARM.exidx.text.SystemCoreClockUpdate) refers to system_stm32f4xx.o(.text.SystemCoreClockUpdate) for [Anonymous Symbol]
    startup_stm32f407xx.o(STACK) refers (Special) to heapauxi.o(.text) for __use_two_region_memory
    startup_stm32f407xx.o(HEAP) refers (Special) to heapauxi.o(.text) for __use_two_region_memory
    startup_stm32f407xx.o(RESET) refers (Special) to heapauxi.o(.text) for __use_two_region_memory
    startup_stm32f407xx.o(RESET) refers to startup_stm32f407xx.o(STACK) for __initial_sp
    startup_stm32f407xx.o(RESET) refers to startup_stm32f407xx.o(.text) for Reset_Handler
    startup_stm32f407xx.o(RESET) refers to stm32f4xx_it.o(.text.NMI_Handler) for NMI_Handler
    startup_stm32f407xx.o(RESET) refers to stm32f4xx_it.o(.text.HardFault_Handler) for HardFault_Handler
    startup_stm32f407xx.o(RESET) refers to stm32f4xx_it.o(.text.MemManage_Handler) for MemManage_Handler
    startup_stm32f407xx.o(RESET) refers to stm32f4xx_it.o(.text.BusFault_Handler) for BusFault_Handler
    startup_stm32f407xx.o(RESET) refers to stm32f4xx_it.o(.text.UsageFault_Handler) for UsageFault_Handler
[...]
    xNumberOfSuccessfulFrees                 0x1000051c   Data           4  heap_4.o(.bss.xNumberOfSuccessfulFrees)
    [Anonymous Symbol]                       0x1000051c   Section        0  heap_4.o(.bss.xNumberOfSuccessfulFrees)
    xPendedTicks                             0x10000520   Data           4  tasks.o(.bss.xPendedTicks)
    [Anonymous Symbol]                       0x10000520   Section        0  tasks.o(.bss.xPendedTicks)
    xPendingReadyList                        0x10000524   Data          20  tasks.o(.bss.xPendingReadyList)
    [Anonymous Symbol]                       0x10000524   Section        0  tasks.o(.bss.xPendingReadyList)
    xSchedulerRunning                        0x10000538   Data           4  tasks.o(.bss.xSchedulerRunning)
    [Anonymous Symbol]                       0x10000538   Section        0  tasks.o(.bss.xSchedulerRunning)
    xStart                                   0x1000053c   Data           8  heap_4.o(.bss.xStart)
    [Anonymous Symbol]                       0x1000053c   Section        0  heap_4.o(.bss.xStart)
    xSuspendedTaskList                       0x10000544   Data          20  tasks.o(.bss.xSuspendedTaskList)
    [Anonymous Symbol]                       0x10000544   Section        0  tasks.o(.bss.xSuspendedTaskList)
    xTasksWaitingTermination                 0x10000558   Data          20  tasks.o(.bss.xTasksWaitingTermination)
    [Anonymous Symbol]                       0x10000558   Section        0  tasks.o(.bss.xTasksWaitingTermination)
    xTickCount                               0x1000056c   Data           4  tasks.o(.bss.xTickCount)
    [Anonymous Symbol]                       0x1000056c   Section        0  tasks.o(.bss.xTickCount)
    xYieldPending                            0x10000570   Data           4  tasks.o(.bss.xYieldPending)
    [Anonymous Symbol]                       0x10000570   Section        0  tasks.o(.bss.xYieldPending)
    Heap_Mem                                 0x10000578   Data        2048  startup_stm32f407xx.o(HEAP)
    HEAP                                     0x10000578   Section     2048  startup_stm32f407xx.o(HEAP)
    Stack_Mem                                0x10000d78   Data        4096  startup_stm32f407xx.o(STACK)
    STACK                                    0x10000d78   Section     4096  startup_stm32f407xx.o(STACK)
    __initial_sp                             0x10001d78   Data           0  startup_stm32f407xx.o(STACK)
    ucHeap                                   0x20000000   Data       122880  heap_4.o(.bss.ucHeap)
    [Anonymous Symbol]                       0x20000000   Section        0  heap_4.o(.bss.ucHeap)

    Global Symbols

    Symbol Name                              Value     Ov Type        Size  Object(Section)

    BuildAttributes$$THM_ISAv4$E$P$D$K$B$S$7EM$VFPi3$EXTD16$VFPS$VFMA$PE$A:L22UL41UL21$X:L11$S22US41US21$IEEE1$IW$~IW$USESV6$~STKCKD$USESV7$~SHL$OTIME$ROPI$IEEEJ$EBA8$UX$STANDARDLIB$REQ8$PRES8$EABIv2 0x00000000   Number         0  anon$$obj.o ABSOLUTE
    _printf_flags                            0x00000000   Number         0  printf_stubs.o ABSOLUTE
    _printf_return_value                     0x00000000   Number         0  printf_stubs.o ABSOLUTE
    _printf_sizespec                         0x00000000   Number         0  printf_stubs.o ABSOLUTE
    _printf_widthprec                        0x00000000   Number         0  printf_stubs.o ABSOLUTE
    __ARM_exceptions_init                     - Undefined Weak Reference
    __alloca_initialize                       - Undefined Weak Reference
    __arm_preinit_                            - Undefined Weak Reference
    __cpp_initialize__aeabi_                  - Undefined Weak Reference
    __cxa_finalize                            - Undefined Weak Reference
    __sigvec_lookup                           - Undefined Weak Reference
    _atexit_init                              - Undefined Weak Reference
    _call_atexit_fns                          - Undefined Weak Reference
    _clock_init                               - Undefined Weak Reference
    _fp_trap_init                             - Undefined Weak Reference
    _fp_trap_shutdown                         - Undefined Weak Reference
    _get_lc_collate                           - Undefined Weak Reference
    _get_lc_monetary                          - Undefined Weak Reference
    _get_lc_time                              - Undefined Weak Reference
    _getenv_init                              - Undefined Weak Reference
    _handle_redirection                       - Undefined Weak Reference
    _init_alloc                               - Undefined Weak Reference
    _init_user_alloc                          - Undefined Weak Reference
    _initio                                   - Undefined Weak Reference
    _mutex_acquire                            - Undefined Weak Reference
    _mutex_release                            - Undefined Weak Reference
    _printf_mbtowc                            - Undefined Weak Reference
    _printf_wc                                - Undefined Weak Reference
    _rand_init                                - Undefined Weak Reference
    _signal_finish                            - Undefined Weak Reference
    _signal_init                              - Undefined Weak Reference
    _terminate_alloc                          - Undefined Weak Reference
    _terminate_user_alloc                     - Undefined Weak Reference
    _terminateio                              - Undefined Weak Reference
    __Vectors_Size                           0x00000188   Number         0  startup_stm32f407xx.o ABSOLUTE
    __Vectors                                0x08000000   Data           4  startup_stm32f407xx.o(RESET)
    __Vectors_End                            0x08000188   Data           0  startup_stm32f407xx.o(RESET)
    __main                                   0x08000189   Thumb Code     8  __main.o(!!!main)
    __scatterload                            0x08000191   Thumb Code     0  __scatter.o(!!!scatter)
    __scatterload_rt2                        0x08000191   Thumb Code    44  __scatter.o(!!!scatter)
    __scatterload_rt2_thumb_only             0x08000191   Thumb Code     0  __scatter.o(!!!scatter)
    __scatterload_null                       0x0800019f   Thumb Code     0  __scatter.o(!!!scatter)
    __scatterload_copy                       0x080001c5   Thumb Code    26  __scatter_copy.o(!!handler_copy)
    __scatterload_zeroinit                   0x080001e1   Thumb Code    28  __scatter_zi.o(!!handler_zi)
    _printf_n                                0x080001fd   Thumb Code     0  _printf_n.o(.ARM.Collect$$_printf_percent$$00000001)
    _printf_percent                          0x080001fd   Thumb Code     0  _printf_percent.o(.ARM.Collect$$_printf_percent$$00000000)
    _printf_p                                0x08000203   Thumb Code     0  _printf_p.o(.ARM.Collect$$_printf_percent$$00000002)
    _printf_f                                0x08000209   Thumb Code     0  _printf_f.o(.ARM.Collect$$_printf_percent$$00000003)
    _printf_e                                0x0800020f   Thumb Code     0  _printf_e.o(.ARM.Collect$$_printf_percent$$00000004)
    _printf_g                                0x08000215   Thumb Code     0  _printf_g.o(.ARM.Collect$$_printf_percent$$00000005)
    _printf_a                                0x0800021b   Thumb Code     0  _printf_a.o(.ARM.Collect$$_printf_percent$$00000006)
    _printf_ll                               0x08000221   Thumb Code     0  _printf_ll.o(.ARM.Collect$$_printf_percent$$00000007)
    _printf_i                                0x0800022b   Thumb Code     0  _printf_i.o(.ARM.Collect$$_printf_percent$$00000008)
    _printf_d                                0x08000231   Thumb Code     0  _printf_d.o(.ARM.Collect$$_printf_percent$$00000009)
    _printf_u                                0x08000237   Thumb Code     0  _printf_u.o(.ARM.Collect$$_printf_percent$$0000000A)
    _printf_o                                0x0800023d   Thumb Code     0  _printf_o.o(.ARM.Collect$$_printf_percent$$0000000B)
    _printf_x                                0x08000243   Thumb Code     0  _printf_x.o(.ARM.Collect$$_printf_percent$$0000000C)
    _printf_lli                              0x08000249   Thumb Code     0  _printf_lli.o(.ARM.Collect$$_printf_percent$$0000000D)
    _printf_lld                              0x0800024f   Thumb Code     0  _printf_lld.o(.ARM.Collect$$_printf_percent$$0000000E)
    _printf_llu                              0x08000255   Thumb Code     0  _printf_llu.o(.ARM.Collect$$_printf_percent$$0000000F)
    _printf_llo                              0x0800025b   Thumb Code     0  _printf_llo.o(.ARM.Collect$$_printf_percent$$00000010)
    _printf_llx                              0x08000261   Thumb Code     0  _printf_llx.o(.ARM.Collect$$_printf_percent$$00000011)
    _printf_l                                0x08000267   Thumb Code     0  _printf_l.o(.ARM.Collect$$_printf_percent$$00000012)
    _printf_c                                0x08000271   Thumb Code     0  _printf_c.o(.ARM.Collect$$_printf_percent$$00000013)
    _printf_s                                0x08000277   Thumb Code     0  _printf_s.o(.ARM.Collect$$_printf_percent$$00000014)
    _printf_lc                               0x0800027d   Thumb Code     0  _printf_lc.o(.ARM.Collect$$_printf_percent$$00000015)
    _printf_ls                               0x08000283   Thumb Code     0  _printf_ls.o(.ARM.Collect$$_printf_percent$$00000016)
    _printf_percent_end                      0x08000289   Thumb Code     0  _printf_percent_end.o(.ARM.Collect$$_printf_percent$$00000017)
    __rt_lib_init                            0x0800028d   Thumb Code     0  libinit.o(.ARM.Collect$$libinit$$00000000)
    __rt_lib_init_fp_1                       0x0800028f   Thumb Code     0  libinit2.o(.ARM.Collect$$libinit$$00000001)
    __rt_lib_init_heap_1                     0x08000293   Thumb Code     0  libinit2.o(.ARM.Collect$$libinit$$0000000A)
    __rt_lib_init_lc_common                  0x08000293   Thumb Code     0  libinit2.o(.ARM.Collect$$libinit$$0000000F)
    __rt_lib_init_preinit_1                  0x08000293   Thumb Code     0  libinit2.o(.ARM.Collect$$libinit$$00000004)
    __rt_lib_init_rand_1                     0x08000293   Thumb Code     0  libinit2.o(.ARM.Collect$$libinit$$0000000E)
    __rt_lib_init_user_alloc_1               0x08000293   Thumb Code     0  libinit2.o(.ARM.Collect$$libinit$$0000000C)
    __rt_lib_init_lc_collate_1               0x08000299   Thumb Code     0  libinit2.o(.ARM.Collect$$libinit$$00000011)
    __rt_lib_init_lc_ctype_2                 0x08000299   Thumb Code     0  libinit2.o(.ARM.Collect$$libinit$$00000012)
    __rt_lib_init_lc_ctype_1                 0x080002a5   Thumb Code     0  libinit2.o(.ARM.Collect$$libinit$$00000013)
    __rt_lib_init_lc_monetary_1              0x080002a5   Thumb Code     0  libinit2.o(.ARM.Collect$$libinit$$00000015)
    __rt_lib_init_lc_numeric_2               0x080002a5   Thumb Code     0  libinit2.o(.ARM.Collect$$libinit$$00000016)
    __rt_lib_init_alloca_1                   0x080002af   Thumb Code     0  libinit2.o(.ARM.Collect$$libinit$$0000002E)
    __rt_lib_init_argv_1                     0x080002af   Thumb Code     0  libinit2.o(.ARM.Collect$$libinit$$0000002C)
    __rt_lib_init_atexit_1                   0x080002af   Thumb Code     0  libinit2.o(.ARM.Collect$$libinit$$0000001B)
    __rt_lib_init_clock_1                    0x080002af   Thumb Code     0  libinit2.o(.ARM.Collect$$libinit$$00000021)
    __rt_lib_init_cpp_1                      0x080002af   Thumb Code     0  libinit2.o(.ARM.Collect$$libinit$$00000032)
    __rt_lib_init_exceptions_1               0x080002af   Thumb Code     0  libinit2.o(.ARM.Collect$$libinit$$00000030)
    __rt_lib_init_fp_trap_1                  0x080002af   Thumb Code     0  libinit2.o(.ARM.Collect$$libinit$$0000001F)
    __rt_lib_init_getenv_1                   0x080002af   Thumb Code     0  libinit2.o(.ARM.Collect$$libinit$$00000023)
    __rt_lib_init_lc_numeric_1               0x080002af   Thumb Code     0  libinit2.o(.ARM.Collect$$libinit$$00000017)
    __rt_lib_init_lc_time_1                  0x080002af   Thumb Code     0  libinit2.o(.ARM.Collect$$libinit$$00000019)
    __rt_lib_init_return                     0x080002af   Thumb Code     0  libinit2.o(.ARM.Collect$$libinit$$00000033)
    __rt_lib_init_signal_1                   0x080002af   Thumb Code     0  libinit2.o(.ARM.Collect$$libinit$$0000001D)
    __rt_lib_init_stdio_1                    0x080002af   Thumb Code     0  libinit2.o(.ARM.Collect$$libinit$$00000025)
    __rt_lib_shutdown                        0x080002b1   Thumb Code     0  libshutdown.o(.ARM.Collect$$libshutdown$$00000000)
    __rt_lib_shutdown_cpp_1                  0x080002b3   Thumb Code     0  libshutdown2.o(.ARM.Collect$$libshutdown$$00000002)
    __rt_lib_shutdown_fp_trap_1              0x080002b3   Thumb Code     0  libshutdown2.o(.ARM.Collect$$libshutdown$$00000007)
    __rt_lib_shutdown_heap_1                 0x080002b3   Thumb Code     0  libshutdown2.o(.ARM.Collect$$libshutdown$$0000000F)
    __rt_lib_shutdown_return                 0x080002b3   Thumb Code     0  libshutdown2.o(.ARM.Collect$$libshutdown$$00000010)
    __rt_lib_shutdown_signal_1               0x080002b3   Thumb Code     0  libshutdown2.o(.ARM.Collect$$libshutdown$$0000000A)
    __rt_lib_shutdown_stdio_1                0x080002b3   Thumb Code     0  libshutdown2.o(.ARM.Collect$$libshutdown$$00000004)
    __rt_lib_shutdown_user_alloc_1           0x080002b3   Thumb Code     0  libshutdown2.o(.ARM.Collect$$libshutdown$$0000000C)
    __rt_entry                               0x080002b5   Thumb Code     0  __rtentry.o(.ARM.Collect$$rtentry$$00000000)
    __rt_entry_presh_1                       0x080002b5   Thumb Code     0  __rtentry2.o(.ARM.Collect$$rtentry$$00000002)
    __rt_entry_sh                            0x080002b5   Thumb Code     0  __rtentry4.o(.ARM.Collect$$rtentry$$00000004)
    __rt_entry_li                            0x080002bb   Thumb Code     0  __rtentry2.o(.ARM.Collect$$rtentry$$0000000A)
    __rt_entry_postsh_1                      0x080002bb   Thumb Code     0  __rtentry2.o(.ARM.Collect$$rtentry$$00000009)
    __rt_entry_main                          0x080002bf   Thumb Code     0  __rtentry2.o(.ARM.Collect$$rtentry$$0000000D)
    __rt_entry_postli_1                      0x080002bf   Thumb Code     0  __rtentry2.o(.ARM.Collect$$rtentry$$0000000C)
    __rt_exit                                0x080002c7   Thumb Code     0  rtexit.o(.ARM.Collect$$rtexit$$00000000)
    __rt_exit_ls                             0x080002c9   Thumb Code     0  rtexit2.o(.ARM.Collect$$rtexit$$00000003)
    __rt_exit_prels_1                        0x080002c9   Thumb Code     0  rtexit2.o(.ARM.Collect$$rtexit$$00000002)
    __rt_exit_exit                           0x080002cd   Thumb Code     0  rtexit2.o(.ARM.Collect$$rtexit$$00000004)
    Reset_Handler                            0x080002d5   Thumb Code     8  startup_stm32f407xx.o(.text)
    ADC_IRQHandler                           0x080002ef   Thumb Code     0  startup_stm32f407xx.o(.text)
    CAN1_RX0_IRQHandler                      0x080002ef   Thumb Code     0  startup_stm32f407xx.o(.text)
    CAN1_RX1_IRQHandler                      0x080002ef   Thumb Code     0  startup_stm32f407xx.o(.text)
    CAN1_SCE_IRQHandler                      0x080002ef   Thumb Code     0  startup_stm32f407xx.o(.text)
    CAN1_TX_IRQHandler                       0x080002ef   Thumb Code     0  startup_stm32f407xx.o(.text)
    CAN2_RX0_IRQHandler                      0x080002ef   Thumb Code     0  startup_stm32f407xx.o(.text)
    CAN2_RX1_IRQHandler                      0x080002ef   Thumb Code     0  startup_stm32f407xx.o(.text)
    CAN2_SCE_IRQHandler                      0x080002ef   Thumb Code     0  startup_stm32f407xx.o(.text)
    CAN2_TX_IRQHandler                       0x080002ef   Thumb Code     0  startup_stm32f407xx.o(.text)
    DCMI_IRQHandler                          0x080002ef   Thumb Code     0  startup_stm32f407xx.o(.text)
    DMA1_Stream0_IRQHandler                  0x080002ef   Thumb Code     0  startup_stm32f407xx.o(.text)
    DMA1_Stream1_IRQHandler                  0x080002ef   Thumb Code     0  startup_stm32f407xx.o(.text)
    DMA1_Stream2_IRQHandler                  0x080002ef   Thumb Code     0  startup_stm32f407xx.o(.text)
    DMA1_Stream3_IRQHandler                  0x080002ef   Thumb Code     0  startup_stm32f407xx.o(.text)
    DMA1_Stream4_IRQHandler                  0x080002ef   Thumb Code     0  startup_stm32f407xx.o(.text)
    DMA1_Stream5_IRQHandler                  0x080002ef   Thumb Code     0  startup_stm32f407xx.o(.text)
    DMA1_Stream6_IRQHandler                  0x080002ef   Thumb Code     0  startup_stm32f407xx.o(.text)
    DMA1_Stream7_IRQHandler                  0x080002ef   Thumb Code     0  startup_stm32f407xx.o(.text)
    DMA2_Stream0_IRQHandler                  0x080002ef   Thumb Code     0  startup_stm32f407xx.o(.text)
    DMA2_Stream1_IRQHandler                  0x080002ef   Thumb Code     0  startup_stm32f407xx.o(.text)
    DMA2_Stream2_IRQHandler                  0x080002ef   Thumb Code     0  startup_stm32f407xx.o(.text)
    DMA2_Stream3_IRQHandler                  0x080002ef   Thumb Code     0  startup_stm32f407xx.o(.text)
    DMA2_Stream4_IRQHandler                  0x080002ef   Thumb Code     0  startup_stm32f407xx.o(.text)
    DMA2_Stream5_IRQHandler                  0x080002ef   Thumb Code     0  startup_stm32f407xx.o(.text)
    DMA2_Stream6_IRQHandler                  0x080002ef   Thumb Code     0  startup_stm32f407xx.o(.text)
    DMA2_Stream7_IRQHandler                  0x080002ef   Thumb Code     0  startup_stm32f407xx.o(.text)
    ETH_IRQHandler                           0x080002ef   Thumb Code     0  startup_stm32f407xx.o(.text)
    ETH_WKUP_IRQHandler                      0x080002ef   Thumb Code     0  startup_stm32f407xx.o(.text)
    EXTI0_IRQHandler                         0x080002ef   Thumb Code     0  startup_stm32f407xx.o(.text)
    EXTI15_10_IRQHandler                     0x080002ef   Thumb Code     0  startup_stm32f407xx.o(.text)
    EXTI1_IRQHandler                         0x080002ef   Thumb Code     0  startup_stm32f407xx.o(.text)
    EXTI2_IRQHandler                         0x080002ef   Thumb Code     0  startup_stm32f407xx.o(.text)
    EXTI3_IRQHandler                         0x080002ef   Thumb Code     0  startup_stm32f407xx.o(.text)
    EXTI4_IRQHandler                         0x080002ef   Thumb Code     0  startup_stm32f407xx.o(.text)
    EXTI9_5_IRQHandler                       0x080002ef   Thumb Code     0  startup_stm32f407xx.o(.text)
    FLASH_IRQHandler                         0x080002ef   Thumb Code     0  startup_stm32f407xx.o(.text)
    FMC_IRQHandler                           0x080002ef   Thumb Code     0  startup_stm32f407xx.o(.text)
    FPU_IRQHandler                           0x080002ef   Thumb Code     0  startup_stm32f407xx.o(.text)
    HASH_RNG_IRQHandler                      0x080002ef   Thumb Code     0  startup_stm32f407xx.o(.text)
    I2C1_ER_IRQHandler                       0x080002ef   Thumb Code     0  startup_stm32f407xx.o(.text)
    I2C1_EV_IRQHandler                       0x080002ef   Thumb Code     0  startup_stm32f407xx.o(.text)
    I2C2_ER_IRQHandler                       0x080002ef   Thumb Code     0  startup_stm32f407xx.o(.text)
    I2C2_EV_IRQHandler                       0x080002ef   Thumb Code     0  startup_stm32f407xx.o(.text)
    I2C3_ER_IRQHandler                       0x080002ef   Thumb Code     0  startup_stm32f407xx.o(.text)
    I2C3_EV_IRQHandler                       0x080002ef   Thumb Code     0  startup_stm32f407xx.o(.text)
    OTG_FS_IRQHandler                        0x080002ef   Thumb Code     0  startup_stm32f407xx.o(.text)
    OTG_FS_WKUP_IRQHandler                   0x080002ef   Thumb Code     0  startup_stm32f407xx.o(.text)
    OTG_HS_EP1_IN_IRQHandler                 0x080002ef   Thumb Code     0  startup_stm32f407xx.o(.text)
    OTG_HS_EP1_OUT_IRQHandler                0x080002ef   Thumb Code     0  startup_stm32f407xx.o(.text)
    OTG_HS_IRQHandler                        0x080002ef   Thumb Code     0  startup_stm32f407xx.o(.text)
    OTG_HS_WKUP_IRQHandler                   0x080002ef   Thumb Code     0  startup_stm32f407xx.o(.text)
    PVD_IRQHandler                           0x080002ef   Thumb Code     0  startup_stm32f407xx.o(.text)
    RCC_IRQHandler                           0x080002ef   Thumb Code     0  startup_stm32f407xx.o(.text)
    RTC_Alarm_IRQHandler                     0x080002ef   Thumb Code     0  startup_stm32f407xx.o(.text)
    RTC_WKUP_IRQHandler                      0x080002ef   Thumb Code     0  startup_stm32f407xx.o(.text)
    SDIO_IRQHandler                          0x080002ef   Thumb Code     0  startup_stm32f407xx.o(.text)
    SPI1_IRQHandler                          0x080002ef   Thumb Code     0  startup_stm32f407xx.o(.text)
    SPI2_IRQHandler                          0x080002ef   Thumb Code     0  startup_stm32f407xx.o(.text)
    SPI3_IRQHandler                          0x080002ef   Thumb Code     0  startup_stm32f407xx.o(.text)
    TAMP_STAMP_IRQHandler                    0x080002ef   Thumb Code     0  startup_stm32f407xx.o(.text)
    TIM1_BRK_TIM9_IRQHandler                 0x080002ef   Thumb Code     0  startup_stm32f407xx.o(.text)
    TIM1_CC_IRQHandler                       0x080002ef   Thumb Code     0  startup_stm32f407xx.o(.text)
    TIM1_TRG_COM_TIM11_IRQHandler            0x080002ef   Thumb Code     0  startup_stm32f407xx.o(.text)
    TIM1_UP_TIM10_IRQHandler                 0x080002ef   Thumb Code     0  startup_stm32f407xx.o(.text)
    TIM2_IRQHandler                          0x080002ef   Thumb Code     0  startup_stm32f407xx.o(.text)
    TIM3_IRQHandler                          0x080002ef   Thumb Code     0  startup_stm32f407xx.o(.text)
    TIM4_IRQHandler                          0x080002ef   Thumb Code     0  startup_stm32f407xx.o(.text)
    TIM5_IRQHandler                          0x080002ef   Thumb Code     0  startup_stm32f407xx.o(.text)
    TIM6_DAC_IRQHandler                      0x080002ef   Thumb Code     0  startup_stm32f407xx.o(.text)
    TIM7_IRQHandler                          0x080002ef   Thumb Code     0  startup_stm32f407xx.o(.text)
    TIM8_BRK_TIM12_IRQHandler                0x080002ef   Thumb Code     0  startup_stm32f407xx.o(.text)
    TIM8_CC_IRQHandler                       0x080002ef   Thumb Code     0  startup_stm32f407xx.o(.text)
    TIM8_TRG_COM_TIM14_IRQHandler            0x080002ef   Thumb Code     0  startup_stm32f407xx.o(.text)
    TIM8_UP_TIM13_IRQHandler                 0x080002ef   Thumb Code     0  startup_stm32f407xx.o(.text)
    UART4_IRQHandler                         0x080002ef   Thumb Code     0  startup_stm32f407xx.o(.text)
    UART5_IRQHandler                         0x080002ef   Thumb Code     0  startup_stm32f407xx.o(.text)
    USART1_IRQHandler                        0x080002ef   Thumb Code     0  startup_stm32f407xx.o(.text)
    USART2_IRQHandler                        0x080002ef   Thumb Code     0  startup_stm32f407xx.o(.text)
    USART3_IRQHandler                        0x080002ef   Thumb Code     0  startup_stm32f407xx.o(.text)
    USART6_IRQHandler                        0x080002ef   Thumb Code     0  startup_stm32f407xx.o(.text)
    WWDG_IRQHandler                          0x080002ef   Thumb Code     0  startup_stm32f407xx.o(.text)
    __user_initial_stackheap                 0x080002f1   Thumb Code     0  startup_stm32f407xx.o(.text)
    __use_no_semihosting                     0x08000315   Thumb Code     2  use_no_semi_2.o(.text)
    __aeabi_uldivmod                         0x08000317   Thumb Code     0  lludivv7m.o(.text)
    _ll_udiv                                 0x08000317   Thumb Code   240  lludivv7m.o(.text)
    printf                                   0x08000409   Thumb Code    20  printf.o(.text)
    snprintf                                 0x08000421   Thumb Code    50  snprintf.o(.text)
    vsnprintf                                0x08000459   Thumb Code    48  vsnprintf.o(.text)
    strstr                                   0x0800048d   Thumb Code    36  strstr.o(.text)
    strlen                                   0x080004b1   Thumb Code    62  strlen.o(.text)
    strncmp                                  0x080004ef   Thumb Code   150  strncmp.o(.text)
    __aeabi_memcpy                           0x08000585   Thumb Code     0  rt_memcpy_v6.o(.text)
    __rt_memcpy                              0x08000585   Thumb Code   138  rt_memcpy_v6.o(.text)
    _memcpy_lastbytes                        0x080005eb   Thumb Code     0  rt_memcpy_v6.o(.text)
    __aeabi_memset4                          0x0800060f   Thumb Code    16  aeabi_memset4.o(.text)
    __aeabi_memset8                          0x0800060f   Thumb Code     0  aeabi_memset4.o(.text)
    __aeabi_memclr                           0x0800061f   Thumb Code     0  rt_memclr.o(.text)
    __rt_memclr                              0x0800061f   Thumb Code     0  rt_memclr.o(.text)
    _memset                                  0x08000623   Thumb Code    64  rt_memclr.o(.text)
    __aeabi_memclr4                          0x08000663   Thumb Code     0  rt_memclr_w.o(.text)
    __aeabi_memclr8                          0x08000663   Thumb Code     0  rt_memclr_w.o(.text)
    __rt_memclr_w                            0x08000663   Thumb Code     0  rt_memclr_w.o(.text)
    _memset_w                                0x08000667   Thumb Code    74  rt_memclr_w.o(.text)
    __use_two_region_memory                  0x080006b1   Thumb Code     2  heapauxi.o(.text)
    __rt_heap_escrow$2region                 0x080006b3   Thumb Code     2  heapauxi.o(.text)
    __rt_heap_expand$2region                 0x080006b5   Thumb Code     2  heapauxi.o(.text)
    __semihosting$guard                      0x080006b7   Thumb Code     0  use_no_semi.o(.text)
    __use_no_semihosting_swi                 0x080006b7   Thumb Code     2  use_no_semi.o(.text)
    _printf_pre_padding                      0x080006b9   Thumb Code    44  _printf_pad.o(.text)
    _printf_post_padding                     0x080006e5   Thumb Code    34  _printf_pad.o(.text)
    _printf_truncate_signed                  0x08000707   Thumb Code    18  _printf_truncate.o(.text)
    _printf_truncate_unsigned                0x08000719   Thumb Code    18  _printf_truncate.o(.text)
    _printf_str                              0x0800072b   Thumb Code    82  _printf_str.o(.text)
    _printf_int_dec                          0x0800077d   Thumb Code   104  _printf_dec.o(.text)
    _printf_charcount                        0x080007f5   Thumb Code    40  _printf_charcount.o(.text)
    _printf_char_common                      0x08000827   Thumb Code    32  _printf_char_common.o(.text)
    _sputc                                   0x0800084d   Thumb Code    10  _sputc.o(.text)
    _snputc                                  0x08000857   Thumb Code    16  _snputc.o(.text)
    _printf_char_file                        0x08000869   Thumb Code    32  _printf_char_file.o(.text)
    _printf_wctomb                           0x0800088d   Thumb Code   182  _printf_wctomb.o(.text)
    _printf_longlong_dec                     0x08000949   Thumb Code   108  _printf_longlong_dec.o(.text)
    _printf_longlong_oct                     0x080009c5   Thumb Code    68  _printf_oct_int_ll.o(.text)
    _printf_int_oct                          0x08000a09   Thumb Code    24  _printf_oct_int_ll.o(.text)
    _printf_ll_oct                           0x08000a21   Thumb Code    12  _printf_oct_int_ll.o(.text)
    _printf_longlong_hex                     0x08000a35   Thumb Code    86  _printf_hex_int_ll_ptr.o(.text)
    _printf_int_hex                          0x08000a8b   Thumb Code    28  _printf_hex_int_ll_ptr.o(.text)
    _printf_ll_hex                           0x08000aa7   Thumb Code    12  _printf_hex_int_ll_ptr.o(.text)
    _printf_hex_ptr                          0x08000ab3   Thumb Code    18  _printf_hex_int_ll_ptr.o(.text)
    __printf                                 0x08000ac9   Thumb Code   388  __printf_flags_ss_wp.o(.text)
    __aeabi_memcpy4                          0x08000c51   Thumb Code     0  rt_memcpy_w.o(.text)
    __aeabi_memcpy8                          0x08000c51   Thumb Code     0  rt_memcpy_w.o(.text)
    __rt_memcpy_w                            0x08000c51   Thumb Code   100  rt_memcpy_w.o(.text)
    _memcpy_lastbytes_aligned                0x08000c99   Thumb Code     0  rt_memcpy_w.o(.text)
    _ll_udiv10                               0x08000cb5   Thumb Code   138  lludiv10.o(.text)
    _printf_int_common                       0x08000d3f   Thumb Code   178  _printf_intcommon.o(.text)
    _printf_fp_dec_real                      0x08000fa1   Thumb Code   620  _printf_fp_dec.o(.text)
    _printf_fp_hex_real                      0x0800120d   Thumb Code   756  _printf_fp_hex.o(.text)
    _printf_cs_common                        0x08001509   Thumb Code    20  _printf_char.o(.text)
    _printf_char                             0x0800151d   Thumb Code    16  _printf_char.o(.text)
    _printf_string                           0x0800152d   Thumb Code     8  _printf_char.o(.text)
    _printf_lcs_common                       0x08001535   Thumb Code    20  _printf_wchar.o(.text)
    _printf_wchar                            0x08001549   Thumb Code    16  _printf_wchar.o(.text)
    _printf_wstring                          0x08001559   Thumb Code     8  _printf_wchar.o(.text)
    ferror                                   0x08001561   Thumb Code     8  ferror.o(.text)
    _c16rtomb                                0x08001569   Thumb Code    72  _c16rtomb.o(.text)
    _wcrtomb                                 0x08001569   Thumb Code     0  _c16rtomb.o(.text)
    __user_setup_stackheap                   0x080015b1   Thumb Code    74  sys_stackheap_outer.o(.text)
    __rt_ctype_table                         0x080015fd   Thumb Code    16  rt_ctype_table.o(.text)
    __rt_locale                              0x0800160d   Thumb Code     8  rt_locale_intlibspace.o(.text)
    _printf_fp_infnan                        0x08001615   Thumb Code   112  _printf_fp_infnan.o(.text)
    _btod_etento                             0x08001695   Thumb Code   224  bigflt0.o(.text)
    exit                                     0x08001779   Thumb Code    18  exit.o(.text)
    __user_libspace                          0x0800178d   Thumb Code     8  libspace.o(.text)
    __user_perproc_libspace                  0x0800178d   Thumb Code     0  libspace.o(.text)
    __user_perthread_libspace                0x0800178d   Thumb Code     0  libspace.o(.text)
    strcmp                                   0x08001799   Thumb Code   124  strcmpv7em.o(.text)
    BusFault_Handler                         0x08001815   Thumb Code     4  stm32f4xx_it.o(.text.BusFault_Handler)
    DebugMon_Handler                         0x08001819   Thumb Code     2  stm32f4xx_it.o(.text.DebugMon_Handler)
    Error_Handler                            0x0800181d   Thumb Code    14  main.o(.text.Error_Handler)
    HAL_GPIO_Init                            0x0800182d   Thumb Code   950  stm32f4xx_hal_gpio.o(.text.HAL_GPIO_Init)
    HAL_GPIO_TogglePin                       0x08001be5   Thumb Code    38  stm32f4xx_hal_gpio.o(.text.HAL_GPIO_TogglePin)
    HAL_GPIO_WritePin                        0x08001c0d   Thumb Code    46  stm32f4xx_hal_gpio.o(.text.HAL_GPIO_WritePin)
    HAL_GetTick                              0x08001c3d   Thumb Code    12  stm32f4xx_hal.o(.text.HAL_GetTick)
    HAL_Init                                 0x08001c49   Thumb Code    54  stm32f4xx_hal.o(.text.HAL_Init)
    HAL_InitTick                             0x08001c81   Thumb Code   112  stm32f4xx_hal.o(.text.HAL_InitTick)
    HAL_MspInit                              0x08001cf1   Thumb Code     2  stm32f4xx_hal.o(.text.HAL_MspInit)
    HAL_NVIC_SetPriority                     0x08001cf5   Thumb Code    50  stm32f4xx_hal_cortex.o(.text.HAL_NVIC_SetPriority)
    HAL_NVIC_SetPriorityGrouping             0x08001d29   Thumb Code    16  stm32f4xx_hal_cortex.o(.text.HAL_NVIC_SetPriorityGrouping)
    HAL_RCC_ClockConfig                      0x08001d39   Thumb Code   610  stm32f4xx_hal_rcc.o(.text.HAL_RCC_ClockConfig)
    HAL_RCC_GetHCLKFreq                      0x08001f9d   Thumb Code    12  stm32f4xx_hal_rcc.o(.text.HAL_RCC_GetHCLKFreq)
    HAL_RCC_GetPCLK1Freq                     0x08001fa9   Thumb Code    34  stm32f4xx_hal_rcc.o(.text.HAL_RCC_GetPCLK1Freq)
    HAL_RCC_GetPCLK2Freq                     0x08001fcd   Thumb Code    34  stm32f4xx_hal_rcc.o(.text.HAL_RCC_GetPCLK2Freq)
    HAL_RCC_GetSysClockFreq                  0x08001ff1   Thumb Code   230  stm32f4xx_hal_rcc.o(.text.HAL_RCC_GetSysClockFreq)
    HAL_RCC_OscConfig                        0x080020d9   Thumb Code  1730  stm32f4xx_hal_rcc.o(.text.HAL_RCC_OscConfig)
    HAL_SYSTICK_Config                       0x0800279d   Thumb Code    16  stm32f4xx_hal_cortex.o(.text.HAL_SYSTICK_Config)
    HAL_UART_Init                            0x080027ad   Thumb Code   154  stm32f4xx_hal_uart.o(.text.HAL_UART_Init)
    HAL_UART_MspInit                         0x08002849   Thumb Code   172  usart.o(.text.HAL_UART_MspInit)
    HardFault_Handler                        0x080028f5   Thumb Code     4  stm32f4xx_it.o(.text.HardFault_Handler)
    Led_Task                                 0x080028f9   Thumb Code    82  main.o(.text.Led_Task)
    Log_Tesk                                 0x0800294d   Thumb Code    96  main.o(.text.Log_Tesk)
    MemManage_Handler                        0x080029ad   Thumb Code     4  stm32f4xx_it.o(.text.MemManage_Handler)
    NMI_Handler                              0x080029b1   Thumb Code     2  stm32f4xx_it.o(.text.NMI_Handler)
    PendSV_Handler                           0x08002a21   Thumb Code   100  port.o(.text.PendSV_Handler)
    SVC_Handler                              0x08002a91   Thumb Code    36  port.o(.text.SVC_Handler)
    SysTick_Handler                          0x08002b09   Thumb Code    60  port.o(.text.SysTick_Handler)
    SystemClock_Config                       0x08002b45   Thumb Code   186  main.o(.text.SystemClock_Config)
    SystemInit                               0x08002c01   Thumb Code    18  system_stm32f4xx.o(.text.SystemInit)
    UsageFault_Handler                       0x08002d51   Thumb Code     4  stm32f4xx_it.o(.text.UsageFault_Handler)
    _sys_exit                                0x08002de5   Thumb Code     8  usart.o(.text._sys_exit)
    elog_get_filter_tag_lvl                  0x08002ded   Thumb Code   314  elog.o(.text.elog_get_filter_tag_lvl)
    elog_init                                0x08002f29   Thumb Code   134  elog.o(.text.elog_init)
    elog_output                              0x08002fb1   Thumb Code   890  elog.o(.text.elog_output)
    elog_output_lock                         0x0800332d   Thumb Code    58  elog.o(.text.elog_output_lock)
    elog_output_lock_enabled                 0x08003369   Thumb Code   130  elog.o(.text.elog_output_lock_enabled)
    elog_output_unlock                       0x080033ed   Thumb Code    58  elog.o(.text.elog_output_unlock)
    elog_port_get_time                       0x08003429   Thumb Code    42  elog_port.o(.text.elog_port_get_time)
    elog_port_init                           0x08003455   Thumb Code    50  elog_port.o(.text.elog_port_init)
    elog_port_output                         0x08003489   Thumb Code    28  elog_port.o(.text.elog_port_output)
    elog_port_output_lock                    0x080034a5   Thumb Code    38  elog_port.o(.text.elog_port_output_lock)
    elog_port_output_unlock                  0x080034cd   Thumb Code    40  elog_port.o(.text.elog_port_output_unlock)
    elog_set_filter_lvl                      0x080034f5   Thumb Code   152  elog.o(.text.elog_set_filter_lvl)
    elog_set_fmt                             0x08003605   Thumb Code   162  elog.o(.text.elog_set_fmt)
    elog_set_output_enabled                  0x080036a9   Thumb Code   164  elog.o(.text.elog_set_output_enabled)
    elog_set_text_color_enabled              0x0800374d   Thumb Code   170  elog.o(.text.elog_set_text_color_enabled)
    elog_start                               0x080037f9   Thumb Code    92  elog.o(.text.elog_start)
    elog_strcpy                              0x08003855   Thumb Code   308  elog_utils.o(.text.elog_strcpy)
    fputc                                    0x08003989   Thumb Code    48  usart.o(.text.fputc)
    led_init                                 0x08003a75   Thumb Code   176  led.o(.text.led_init)
    main                                     0x08003b25   Thumb Code   156  main.o(.text.main)
    pvPortMalloc                             0x08004535   Thumb Code   530  heap_4.o(.text.pvPortMalloc)
    pvTaskIncrementMutexHeldCount            0x08004749   Thumb Code    44  tasks.o(.text.pvTaskIncrementMutexHeldCount)
    pxPortInitialiseStack                    0x08004775   Thumb Code    94  port.o(.text.pxPortInitialiseStack)
    usart_init                               0x080047d5   Thumb Code    46  usart.o(.text.usart_init)
    uxListRemove                             0x08004805   Thumb Code    72  list.o(.text.uxListRemove)
    vListInitialise                          0x0800484d   Thumb Code    46  list.o(.text.vListInitialise)
    vListInitialiseItem                      0x0800487d   Thumb Code    14  list.o(.text.vListInitialiseItem)
    vListInsert                              0x0800488d   Thumb Code   106  list.o(.text.vListInsert)
    vPortEnterCritical                       0x0800490d   Thumb Code    86  port.o(.text.vPortEnterCritical)
    vPortExitCritical                        0x08004965   Thumb Code    74  port.o(.text.vPortExitCritical)
    vPortFree                                0x080049b1   Thumb Code   206  heap_4.o(.text.vPortFree)
    vPortSetupTimerInterrupt                 0x08004a81   Thumb Code    68  port.o(.text.vPortSetupTimerInterrupt)
    vTaskDelay                               0x08004ac5   Thumb Code   110  tasks.o(.text.vTaskDelay)
    vTaskInternalSetTimeOutState             0x08004b35   Thumb Code    36  tasks.o(.text.vTaskInternalSetTimeOutState)
    vTaskMissedYield                         0x08004b59   Thumb Code    14  tasks.o(.text.vTaskMissedYield)
    vTaskPlaceOnEventList                    0x08004b69   Thumb Code    66  tasks.o(.text.vTaskPlaceOnEventList)
    vTaskPriorityDisinheritAfterTimeout      0x08004bad   Thumb Code   386  tasks.o(.text.vTaskPriorityDisinheritAfterTimeout)
    vTaskStartScheduler                      0x08004d31   Thumb Code   160  tasks.o(.text.vTaskStartScheduler)
    vTaskSuspendAll                          0x08004dd1   Thumb Code    16  tasks.o(.text.vTaskSuspendAll)
    vTaskSwitchContext                       0x08004de1   Thumb Code   190  tasks.o(.text.vTaskSwitchContext)
    xPortStartScheduler                      0x08004ea1   Thumb Code   380  port.o(.text.xPortStartScheduler)
    xQueueCreateMutex                        0x0800501d   Thumb Code    38  queue.o(.text.xQueueCreateMutex)
    xQueueGenericCreate                      0x08005045   Thumb Code   154  queue.o(.text.xQueueGenericCreate)
    xQueueGenericReset                       0x080050e1   Thumb Code   264  queue.o(.text.xQueueGenericReset)
    xQueueGenericSend                        0x080051e9   Thumb Code   500  queue.o(.text.xQueueGenericSend)
    xQueueSemaphoreTake                      0x080053dd   Thumb Code   472  queue.o(.text.xQueueSemaphoreTake)
    xTaskCheckForTimeOut                     0x080055b5   Thumb Code   210  tasks.o(.text.xTaskCheckForTimeOut)
    xTaskCreate                              0x08005689   Thumb Code   160  tasks.o(.text.xTaskCreate)
    xTaskGetTickCount                        0x08005729   Thumb Code    20  tasks.o(.text.xTaskGetTickCount)
    xTaskIncrementTick                       0x0800573d   Thumb Code   608  tasks.o(.text.xTaskIncrementTick)
    xTaskPriorityDisinherit                  0x0800599d   Thumb Code   312  tasks.o(.text.xTaskPriorityDisinherit)
    xTaskPriorityInherit                     0x08005ad5   Thumb Code   348  tasks.o(.text.xTaskPriorityInherit)
    xTaskRemoveFromEventList                 0x08005c31   Thumb Code   396  tasks.o(.text.xTaskRemoveFromEventList)
    xTaskResumeAll                           0x08005dbd   Thumb Code   546  tasks.o(.text.xTaskResumeAll)
    _btod_d2e                                0x08005fdf   Thumb Code    62  btod.o(CL$$btod_d2e)
    _d2e_denorm_low                          0x0800601d   Thumb Code    70  btod.o(CL$$btod_d2e_denorm_low)
    _d2e_norm_op1                            0x08006063   Thumb Code    96  btod.o(CL$$btod_d2e_norm_op1)
    __btod_div_common                        0x080060c5   Thumb Code   696  btod.o(CL$$btod_div_common)
    _e2e                                     0x080063fd   Thumb Code   220  btod.o(CL$$btod_e2e)
    _btod_ediv                               0x080064d9   Thumb Code    42  btod.o(CL$$btod_ediv)
    _btod_emul                               0x08006503   Thumb Code    42  btod.o(CL$$btod_emul)
    __btod_mult_common                       0x0800652d   Thumb Code   580  btod.o(CL$$btod_mult_common)
    __ARM_fpclassify                         0x08006771   Thumb Code    48  fpclassify.o(i.__ARM_fpclassify)
    _is_digit                                0x080067a1   Thumb Code    14  __printf_wp.o(i._is_digit)
    _get_lc_numeric                          0x080067b1   Thumb Code    44  lc_numeric_c.o(locale$$code)
    _get_lc_ctype                            0x080067dd   Thumb Code    44  lc_ctype_c.o(locale$$code)
    _fp_init                                 0x08006809   Thumb Code    26  fpinit.o(x$fpl$fpinit)
    __fplib_config_fpu_vfp                   0x08006821   Thumb Code     0  fpinit.o(x$fpl$fpinit)
    __fplib_config_pureend_doubles           0x08006821   Thumb Code     0  fpinit.o(x$fpl$fpinit)
    _printf_fp_dec                           0x08006823   Thumb Code     4  printf1.o(x$fpl$printf1)
    _printf_fp_hex                           0x08006827   Thumb Code     4  printf2.o(x$fpl$printf2)
    __I$use$fp                               0x0800682a   Number         0  usenofp.o(x$fpl$usenofp)
    AHBPrescTable                            0x08006928   Data          16  system_stm32f4xx.o(.rodata.AHBPrescTable)
    APBPrescTable                            0x08006938   Data           8  system_stm32f4xx.o(.rodata.APBPrescTable)
    uxTopUsedPriority                        0x08006ba4   Data           4  tasks.o(.rodata.uxTopUsedPriority)
    Region$$Table$$Base                      0x08006ba8   Number         0  anon$$obj.o(Region$$Table)
    Region$$Table$$Limit                     0x08006bd8   Number         0  anon$$obj.o(Region$$Table)
    __ctype                                  0x08006c01   Data           0  lc_ctype_c.o(locale$$data)
    __ARM_use_no_argv                        0x10000000   Data           4  main.o(.ARM.use_no_argv)
    SystemCoreClock                          0x10000004   Data           4  system_stm32f4xx.o(.data.SystemCoreClock)
    uwTickFreq                               0x10000038   Data           1  stm32f4xx_hal.o(.data.uwTickFreq)
    uwTickPrio                               0x1000003c   Data           4  stm32f4xx_hal.o(.data.uwTickPrio)
    __libspace_start                         0x10000048   Data          96  libspace.o(.bss)
    __stdout                                 0x100000a8   Data          84  usart.o(.bss.__stdout)
    __temporary_stack_top$libspace           0x100000a8   Data           0  libspace.o(.bss)
    elog_assert_hook                         0x100001f4   Data           4  elog.o(.bss.elog_assert_hook)
    g_uart1_handle                           0x100001fc   Data          68  usart.o(.bss.g_uart1_handle)
    pxCurrentTCB                             0x10000440   Data           4  tasks.o(.bss.pxCurrentTCB)
    uwTick                                   0x100004bc   Data           4  stm32f4xx_hal.o(.bss.uwTick)
    xElog_MutexSemaphore                     0x10000500   Data           4  elog_port.o(.bss.xElog_MutexSemaphore)



==============================================================================

Memory Map of the image

  Image Entry point : 0x08000189

  Load Region LR_IROM1 (Base: 0x08000000, Size: 0x00006d50, Max: 0x00100000, ABSOLUTE)

    Execution Region ER_IROM1 (Exec base: 0x08000000, Load base: 0x08000000, Size: 0x00006d04, Max: 0x00100000, ABSOLUTE)

    Exec Addr    Load Addr    Size         Type   Attr      Idx    E Section Name        Object

    0x08000000   0x08000000   0x00000188   Data   RO           55    RESET               startup_stm32f407xx.o
    0x08000188   0x08000188   0x00000008   Code   RO         1274  * !!!main             c_w.l(__main.o)
    0x08000190   0x08000190   0x00000034   Code   RO         1616    !!!scatter          c_w.l(__scatter.o)
    0x080001c4   0x080001c4   0x0000001a   Code   RO         1618    !!handler_copy      c_w.l(__scatter_copy.o)
    0x080001de   0x080001de   0x00000002   PAD
    0x080001e0   0x080001e0   0x0000001c   Code   RO         1620    !!handler_zi        c_w.l(__scatter_zi.o)
    0x080001fc   0x080001fc   0x00000000   Code   RO         1368    .ARM.Collect$$_printf_percent$$00000000  c_w.l(_printf_percent.o)
    0x080001fc   0x080001fc   0x00000006   Code   RO         1357    .ARM.Collect$$_printf_percent$$00000001  c_w.l(_printf_n.o)
    0x08000202   0x08000202   0x00000006   Code   RO         1359    .ARM.Collect$$_printf_percent$$00000002  c_w.l(_printf_p.o)
    0x08000208   0x08000208   0x00000006   Code   RO         1364    .ARM.Collect$$_printf_percent$$00000003  c_w.l(_printf_f.o)
    0x0800020e   0x0800020e   0x00000006   Code   RO         1365    .ARM.Collect$$_printf_percent$$00000004  c_w.l(_printf_e.o)
    0x08000214   0x08000214   0x00000006   Code   RO         1366    .ARM.Collect$$_printf_percent$$00000005  c_w.l(_printf_g.o)
    0x0800021a   0x0800021a   0x00000006   Code   RO         1367    .ARM.Collect$$_printf_percent$$00000006  c_w.l(_printf_a.o)
    0x08000220   0x08000220   0x0000000a   Code   RO         1372    .ARM.Collect$$_printf_percent$$00000007  c_w.l(_printf_ll.o)
    0x0800022a   0x0800022a   0x00000006   Code   RO         1361    .ARM.Collect$$_printf_percent$$00000008  c_w.l(_printf_i.o)
    0x08000230   0x08000230   0x00000006   Code   RO         1362    .ARM.Collect$$_printf_percent$$00000009  c_w.l(_printf_d.o)
    0x08000236   0x08000236   0x00000006   Code   RO         1363    .ARM.Collect$$_printf_percent$$0000000A  c_w.l(_printf_u.o)
    0x0800023c   0x0800023c   0x00000006   Code   RO         1360    .ARM.Collect$$_printf_percent$$0000000B  c_w.l(_printf_o.o)
    0x08000242   0x08000242   0x00000006   Code   RO         1358    .ARM.Collect$$_printf_percent$$0000000C  c_w.l(_printf_x.o)
    0x08000248   0x08000248   0x00000006   Code   RO         1369    .ARM.Collect$$_printf_percent$$0000000D  c_w.l(_printf_lli.o)
    0x0800024e   0x0800024e   0x00000006   Code   RO         1370    .ARM.Collect$$_printf_percent$$0000000E  c_w.l(_printf_lld.o)
    0x08000254   0x08000254   0x00000006   Code   RO         1371    .ARM.Collect$$_printf_percent$$0000000F  c_w.l(_printf_llu.o)
    0x0800025a   0x0800025a   0x00000006   Code   RO         1376    .ARM.Collect$$_printf_percent$$00000010  c_w.l(_printf_llo.o)
    0x08000260   0x08000260   0x00000006   Code   RO         1377    .ARM.Collect$$_printf_percent$$00000011  c_w.l(_printf_llx.o)
    0x08000266   0x08000266   0x0000000a   Code   RO         1373    .ARM.Collect$$_printf_percent$$00000012  c_w.l(_printf_l.o)
    0x08000270   0x08000270   0x00000006   Code   RO         1355    .ARM.Collect$$_printf_percent$$00000013  c_w.l(_printf_c.o)
    0x08000276   0x08000276   0x00000006   Code   RO         1356    .ARM.Collect$$_printf_percent$$00000014  c_w.l(_printf_s.o)
    0x0800027c   0x0800027c   0x00000006   Code   RO         1374    .ARM.Collect$$_printf_percent$$00000015  c_w.l(_printf_lc.o)
    0x08000282   0x08000282   0x00000006   Code   RO         1375    .ARM.Collect$$_printf_percent$$00000016  c_w.l(_printf_ls.o)
    0x08000288   0x08000288   0x00000004   Code   RO         1422    .ARM.Collect$$_printf_percent$$00000017  c_w.l(_printf_percent_end.o)
    0x0800028c   0x0800028c   0x00000002   Code   RO         1481    .ARM.Collect$$libinit$$00000000  c_w.l(libinit.o)
    0x0800028e   0x0800028e   0x00000004   Code   RO         1505    .ARM.Collect$$libinit$$00000001  c_w.l(libinit2.o)
    0x08000292   0x08000292   0x00000000   Code   RO         1508    .ARM.Collect$$libinit$$00000004  c_w.l(libinit2.o)
    0x08000292   0x08000292   0x00000000   Code   RO         1511    .ARM.Collect$$libinit$$0000000A  c_w.l(libinit2.o)
    0x08000292   0x08000292   0x00000000   Code   RO         1513    .ARM.Collect$$libinit$$0000000C  c_w.l(libinit2.o)
    0x08000292   0x08000292   0x00000000   Code   RO         1515    .ARM.Collect$$libinit$$0000000E  c_w.l(libinit2.o)
    0x08000292   0x08000292   0x00000006   Code   RO         1516    .ARM.Collect$$libinit$$0000000F  c_w.l(libinit2.o)
    0x08000298   0x08000298   0x00000000   Code   RO         1518    .ARM.Collect$$libinit$$00000011  c_w.l(libinit2.o)
    0x08000298   0x08000298   0x0000000c   Code   RO         1519    .ARM.Collect$$libinit$$00000012  c_w.l(libinit2.o)
    0x080002a4   0x080002a4   0x00000000   Code   RO         1520    .ARM.Collect$$libinit$$00000013  c_w.l(libinit2.o)
    0x080002a4   0x080002a4   0x00000000   Code   RO         1522    .ARM.Collect$$libinit$$00000015  c_w.l(libinit2.o)
    0x080002a4   0x080002a4   0x0000000a   Code   RO         1523    .ARM.Collect$$libinit$$00000016  c_w.l(libinit2.o)
    0x080002ae   0x080002ae   0x00000000   Code   RO         1524    .ARM.Collect$$libinit$$00000017  c_w.l(libinit2.o)
    0x080002ae   0x080002ae   0x00000000   Code   RO         1526    .ARM.Collect$$libinit$$00000019  c_w.l(libinit2.o)
    0x080002ae   0x080002ae   0x00000000   Code   RO         1528    .ARM.Collect$$libinit$$0000001B  c_w.l(libinit2.o)
    0x080002ae   0x080002ae   0x00000000   Code   RO         1530    .ARM.Collect$$libinit$$0000001D  c_w.l(libinit2.o)
    0x080002ae   0x080002ae   0x00000000   Code   RO         1532    .ARM.Collect$$libinit$$0000001F  c_w.l(libinit2.o)
    0x080002ae   0x080002ae   0x00000000   Code   RO         1534    .ARM.Collect$$libinit$$00000021  c_w.l(libinit2.o)
    0x080002ae   0x080002ae   0x00000000   Code   RO         1536    .ARM.Collect$$libinit$$00000023  c_w.l(libinit2.o)
    0x080002ae   0x080002ae   0x00000000   Code   RO         1538    .ARM.Collect$$libinit$$00000025  c_w.l(libinit2.o)
    0x080002ae   0x080002ae   0x00000000   Code   RO         1542    .ARM.Collect$$libinit$$0000002C  c_w.l(libinit2.o)
    0x080002ae   0x080002ae   0x00000000   Code   RO         1544    .ARM.Collect$$libinit$$0000002E  c_w.l(libinit2.o)
    0x080002ae   0x080002ae   0x00000000   Code   RO         1546    .ARM.Collect$$libinit$$00000030  c_w.l(libinit2.o)
    0x080002ae   0x080002ae   0x00000000   Code   RO         1548    .ARM.Collect$$libinit$$00000032  c_w.l(libinit2.o)
    0x080002ae   0x080002ae   0x00000002   Code   RO         1549    .ARM.Collect$$libinit$$00000033  c_w.l(libinit2.o)
    0x080002b0   0x080002b0   0x00000002   Code   RO         1575    .ARM.Collect$$libshutdown$$00000000  c_w.l(libshutdown.o)
    0x080002b2   0x080002b2   0x00000000   Code   RO         1599    .ARM.Collect$$libshutdown$$00000002  c_w.l(libshutdown2.o)
    0x080002b2   0x080002b2   0x00000000   Code   RO         1601    .ARM.Collect$$libshutdown$$00000004  c_w.l(libshutdown2.o)
    0x080002b2   0x080002b2   0x00000000   Code   RO         1604    .ARM.Collect$$libshutdown$$00000007  c_w.l(libshutdown2.o)
    0x080002b2   0x080002b2   0x00000000   Code   RO         1607    .ARM.Collect$$libshutdown$$0000000A  c_w.l(libshutdown2.o)
    0x080002b2   0x080002b2   0x00000000   Code   RO         1609    .ARM.Collect$$libshutdown$$0000000C  c_w.l(libshutdown2.o)
    0x080002b2   0x080002b2   0x00000000   Code   RO         1612    .ARM.Collect$$libshutdown$$0000000F  c_w.l(libshutdown2.o)
    0x080002b2   0x080002b2   0x00000002   Code   RO         1613    .ARM.Collect$$libshutdown$$00000010  c_w.l(libshutdown2.o)
    0x080002b4   0x080002b4   0x00000000   Code   RO         1278    .ARM.Collect$$rtentry$$00000000  c_w.l(__rtentry.o)
    0x080002b4   0x080002b4   0x00000000   Code   RO         1389    .ARM.Collect$$rtentry$$00000002  c_w.l(__rtentry2.o)
    0x080002b4   0x080002b4   0x00000006   Code   RO         1401    .ARM.Collect$$rtentry$$00000004  c_w.l(__rtentry4.o)
    0x080002ba   0x080002ba   0x00000000   Code   RO         1391    .ARM.Collect$$rtentry$$00000009  c_w.l(__rtentry2.o)
    0x080002ba   0x080002ba   0x00000004   Code   RO         1392    .ARM.Collect$$rtentry$$0000000A  c_w.l(__rtentry2.o)
    0x080002be   0x080002be   0x00000000   Code   RO         1394    .ARM.Collect$$rtentry$$0000000C  c_w.l(__rtentry2.o)
    0x080002be   0x080002be   0x00000008   Code   RO         1395    .ARM.Collect$$rtentry$$0000000D  c_w.l(__rtentry2.o)
    0x080002c6   0x080002c6   0x00000002   Code   RO         1490    .ARM.Collect$$rtexit$$00000000  c_w.l(rtexit.o)
    0x080002c8   0x080002c8   0x00000000   Code   RO         1551    .ARM.Collect$$rtexit$$00000002  c_w.l(rtexit2.o)
    0x080002c8   0x080002c8   0x00000004   Code   RO         1552    .ARM.Collect$$rtexit$$00000003  c_w.l(rtexit2.o)
    0x080002cc   0x080002cc   0x00000006   Code   RO         1553    .ARM.Collect$$rtexit$$00000004  c_w.l(rtexit2.o)
    0x080002d2   0x080002d2   0x00000002   PAD
    0x080002d4   0x080002d4   0x00000040   Code   RO           56    .text               startup_stm32f407xx.o
    0x08000314   0x08000314   0x00000002   Code   RO         1244    .text               c_w.l(use_no_semi_2.o)
    0x08000316   0x08000316   0x000000f0   Code   RO         1246    .text               c_w.l(lludivv7m.o)
    0x08000406   0x08000406   0x00000002   PAD
    0x08000408   0x08000408   0x00000018   Code   RO         1248    .text               c_w.l(printf.o)
    0x08000420   0x08000420   0x00000038   Code   RO         1250    .text               c_w.l(snprintf.o)
    0x08000458   0x08000458   0x00000034   Code   RO         1252    .text               c_w.l(vsnprintf.o)
    0x0800048c   0x0800048c   0x00000024   Code   RO         1254    .text               c_w.l(strstr.o)
    0x080004b0   0x080004b0   0x0000003e   Code   RO         1256    .text               c_w.l(strlen.o)
    0x080004ee   0x080004ee   0x00000096   Code   RO         1260    .text               c_w.l(strncmp.o)
    0x08000584   0x08000584   0x0000008a   Code   RO         1262    .text               c_w.l(rt_memcpy_v6.o)
    0x0800060e   0x0800060e   0x00000010   Code   RO         1264    .text               c_w.l(aeabi_memset4.o)
    0x0800061e   0x0800061e   0x00000044   Code   RO         1266    .text               c_w.l(rt_memclr.o)
    0x08000662   0x08000662   0x0000004e   Code   RO         1268    .text               c_w.l(rt_memclr_w.o)
    0x080006b0   0x080006b0   0x00000006   Code   RO         1272    .text               c_w.l(heapauxi.o)
    0x080006b6   0x080006b6   0x00000002   Code   RO         1276    .text               c_w.l(use_no_semi.o)
    0x080006b8   0x080006b8   0x0000004e   Code   RO         1285    .text               c_w.l(_printf_pad.o)
    0x08000706   0x08000706   0x00000024   Code   RO         1287    .text               c_w.l(_printf_truncate.o)
    0x0800072a   0x0800072a   0x00000052   Code   RO         1289    .text               c_w.l(_printf_str.o)
    0x0800077c   0x0800077c   0x00000078   Code   RO         1291    .text               c_w.l(_printf_dec.o)
    0x080007f4   0x080007f4   0x00000028   Code   RO         1293    .text               c_w.l(_printf_charcount.o)
    0x0800081c   0x0800081c   0x00000030   Code   RO         1295    .text               c_w.l(_printf_char_common.o)
    0x0800084c   0x0800084c   0x0000000a   Code   RO         1297    .text               c_w.l(_sputc.o)
    0x08000856   0x08000856   0x00000010   Code   RO         1299    .text               c_w.l(_snputc.o)
    0x08000866   0x08000866   0x00000002   PAD
    0x08000868   0x08000868   0x00000024   Code   RO         1301    .text               c_w.l(_printf_char_file.o)
    0x0800088c   0x0800088c   0x000000bc   Code   RO         1303    .text               c_w.l(_printf_wctomb.o)
    0x08000948   0x08000948   0x0000007c   Code   RO         1306    .text               c_w.l(_printf_longlong_dec.o)
    0x080009c4   0x080009c4   0x00000070   Code   RO         1312    .text               c_w.l(_printf_oct_int_ll.o)
    0x08000a34   0x08000a34   0x00000094   Code   RO         1332    .text               c_w.l(_printf_hex_int_ll_ptr.o)
    0x08000ac8   0x08000ac8   0x00000188   Code   RO         1352    .text               c_w.l(__printf_flags_ss_wp.o)
    0x08000c50   0x08000c50   0x00000064   Code   RO         1378    .text               c_w.l(rt_memcpy_w.o)
    0x08000cb4   0x08000cb4   0x0000008a   Code   RO         1405    .text               c_w.l(lludiv10.o)
    0x08000d3e   0x08000d3e   0x000000b2   Code   RO         1407    .text               c_w.l(_printf_intcommon.o)
    0x08000df0   0x08000df0   0x0000041c   Code   RO         1409    .text               c_w.l(_printf_fp_dec.o)
    0x0800120c   0x0800120c   0x000002fc   Code   RO         1413    .text               c_w.l(_printf_fp_hex.o)
    0x08001508   0x08001508   0x0000002c   Code   RO         1418    .text               c_w.l(_printf_char.o)
    0x08001534   0x08001534   0x0000002c   Code   RO         1420    .text               c_w.l(_printf_wchar.o)
    0x08001560   0x08001560   0x00000008   Code   RO         1423    .text               c_w.l(ferror.o)
    0x08001568   0x08001568   0x00000048   Code   RO         1427    .text               c_w.l(_c16rtomb.o)
    0x080015b0   0x080015b0   0x0000004a   Code   RO         1429    .text               c_w.l(sys_stackheap_outer.o)
    0x080015fa   0x080015fa   0x00000002   PAD
    0x080015fc   0x080015fc   0x00000010   Code   RO         1431    .text               c_w.l(rt_ctype_table.o)
    0x0800160c   0x0800160c   0x00000008   Code   RO         1436    .text               c_w.l(rt_locale_intlibspace.o)
    0x08001614   0x08001614   0x00000080   Code   RO         1438    .text               c_w.l(_printf_fp_infnan.o)
    0x08001694   0x08001694   0x000000e4   Code   RO         1440    .text               c_w.l(bigflt0.o)
    0x08001778   0x08001778   0x00000012   Code   RO         1470    .text               c_w.l(exit.o)
    0x0800178a   0x0800178a   0x00000002   PAD
    0x0800178c   0x0800178c   0x00000008   Code   RO         1487    .text               c_w.l(libspace.o)
    0x08001794   0x08001794   0x00000004   PAD
    0x08001798   0x08001798   0x0000007c   Code   RO         1503    .text               c_w.l(strcmpv7em.o)
    0x08001814   0x08001814   0x00000004   Code   RO           27    .text.BusFault_Handler  stm32f4xx_it.o
    0x08001818   0x08001818   0x00000002   Code   RO           31    .text.DebugMon_Handler  stm32f4xx_it.o
    0x0800181a   0x0800181a   0x00000002   PAD
    0x0800181c   0x0800181c   0x0000000e   Code   RO           10    .text.Error_Handler  main.o
    0x0800182a   0x0800182a   0x00000002   PAD
    0x0800182c   0x0800182c   0x000003b6   Code   RO          289    .text.HAL_GPIO_Init  stm32f4xx_hal_gpio.o
    0x08001be2   0x08001be2   0x00000002   PAD
    0x08001be4   0x08001be4   0x00000026   Code   RO          297    .text.HAL_GPIO_TogglePin  stm32f4xx_hal_gpio.o
    0x08001c0a   0x08001c0a   0x00000002   PAD
    0x08001c0c   0x08001c0c   0x0000002e   Code   RO          295    .text.HAL_GPIO_WritePin  stm32f4xx_hal_gpio.o
    0x08001c3a   0x08001c3a   0x00000002   PAD
    0x08001c3c   0x08001c3c   0x0000000c   Code   RO          124    .text.HAL_GetTick   stm32f4xx_hal.o
    0x08001c48   0x08001c48   0x00000036   Code   RO          112    .text.HAL_Init      stm32f4xx_hal.o
    0x08001c7e   0x08001c7e   0x00000002   PAD
    0x08001c80   0x08001c80   0x00000070   Code   RO          114    .text.HAL_InitTick  stm32f4xx_hal.o
    0x08001cf0   0x08001cf0   0x00000002   Code   RO          116    .text.HAL_MspInit   stm32f4xx_hal.o
    0x08001cf2   0x08001cf2   0x00000002   PAD
    0x08001cf4   0x08001cf4   0x00000032   Code   RO          180    .text.HAL_NVIC_SetPriority  stm32f4xx_hal_cortex.o
    0x08001d26   0x08001d26   0x00000002   PAD
    0x08001d28   0x08001d28   0x00000010   Code   RO          176    .text.HAL_NVIC_SetPriorityGrouping  stm32f4xx_hal_cortex.o
    0x08001d38   0x08001d38   0x00000262   Code   RO          660    .text.HAL_RCC_ClockConfig  stm32f4xx_hal_rcc.o
    0x08001f9a   0x08001f9a   0x00000002   PAD
    0x08001f9c   0x08001f9c   0x0000000c   Code   RO          670    .text.HAL_RCC_GetHCLKFreq  stm32f4xx_hal_rcc.o
    0x08001fa8   0x08001fa8   0x00000022   Code   RO          672    .text.HAL_RCC_GetPCLK1Freq  stm32f4xx_hal_rcc.o
    0x08001fca   0x08001fca   0x00000002   PAD
    0x08001fcc   0x08001fcc   0x00000022   Code   RO          674    .text.HAL_RCC_GetPCLK2Freq  stm32f4xx_hal_rcc.o
    0x08001fee   0x08001fee   0x00000002   PAD
    0x08001ff0   0x08001ff0   0x000000e6   Code   RO          662    .text.HAL_RCC_GetSysClockFreq  stm32f4xx_hal_rcc.o
    0x080020d6   0x080020d6   0x00000002   PAD
    0x080020d8   0x080020d8   0x000006c2   Code   RO          658    .text.HAL_RCC_OscConfig  stm32f4xx_hal_rcc.o
    0x0800279a   0x0800279a   0x00000002   PAD
    0x0800279c   0x0800279c   0x00000010   Code   RO          200    .text.HAL_SYSTICK_Config  stm32f4xx_hal_cortex.o
    0x080027ac   0x080027ac   0x0000009a   Code   RO          432    .text.HAL_UART_Init  stm32f4xx_hal_uart.o
    0x08002846   0x08002846   0x00000002   PAD
    0x08002848   0x08002848   0x000000ac   Code   RO          101    .text.HAL_UART_MspInit  usart.o
    0x080028f4   0x080028f4   0x00000004   Code   RO           23    .text.HardFault_Handler  stm32f4xx_it.o
    0x080028f8   0x080028f8   0x00000052   Code   RO            4    .text.Led_Task      main.o
    0x0800294a   0x0800294a   0x00000002   PAD
    0x0800294c   0x0800294c   0x00000060   Code   RO            2    .text.Log_Tesk      main.o
    0x080029ac   0x080029ac   0x00000004   Code   RO           25    .text.MemManage_Handler  stm32f4xx_it.o
    0x080029b0   0x080029b0   0x00000002   Code   RO           21    .text.NMI_Handler   stm32f4xx_it.o
    0x080029b2   0x080029b2   0x00000002   PAD
    0x080029b4   0x080029b4   0x0000006c   Code   RO          186    .text.NVIC_EncodePriority  stm32f4xx_hal_cortex.o
    0x08002a20   0x08002a20   0x00000064   Code   RO          899    .text.PendSV_Handler  port.o
    0x08002a84   0x08002a84   0x0000000c   PAD
    0x08002a90   0x08002a90   0x00000024   Code   RO          883    .text.SVC_Handler   port.o
    0x08002ab4   0x08002ab4   0x00000052   Code   RO          202    .text.SysTick_Config  stm32f4xx_hal_cortex.o
    0x08002b06   0x08002b06   0x00000002   PAD
    0x08002b08   0x08002b08   0x0000003c   Code   RO          901    .text.SysTick_Handler  port.o
    0x08002b44   0x08002b44   0x000000ba   Code   RO            8    .text.SystemClock_Config  main.o
    0x08002bfe   0x08002bfe   0x00000002   PAD
    0x08002c00   0x08002c00   0x00000012   Code   RO           40    .text.SystemInit    system_stm32f4xx.o
    0x08002c12   0x08002c12   0x00000002   PAD
    0x08002c14   0x08002c14   0x0000013a   Code   RO          436    .text.UART_SetConfig  stm32f4xx_hal_uart.o
    0x08002d4e   0x08002d4e   0x00000002   PAD
    0x08002d50   0x08002d50   0x00000004   Code   RO           29    .text.UsageFault_Handler  stm32f4xx_it.o
    0x08002d54   0x08002d54   0x00000010   Code   RO          182    .text.__NVIC_GetPriorityGrouping  stm32f4xx_hal_cortex.o
    0x08002d64   0x08002d64   0x00000042   Code   RO          184    .text.__NVIC_SetPriority  stm32f4xx_hal_cortex.o
    0x08002da6   0x08002da6   0x00000002   PAD
    0x08002da8   0x08002da8   0x0000003c   Code   RO          178    .text.__NVIC_SetPriorityGrouping  stm32f4xx_hal_cortex.o
    0x08002de4   0x08002de4   0x00000008   Code   RO           93    .text._sys_exit     usart.o
    0x08002dec   0x08002dec   0x0000013a   Code   RO         1176    .text.elog_get_filter_tag_lvl  elog.o
    0x08002f26   0x08002f26   0x00000002   PAD
    0x08002f28   0x08002f28   0x00000086   Code   RO         1138    .text.elog_init     elog.o
    0x08002fae   0x08002fae   0x00000002   PAD
    0x08002fb0   0x08002fb0   0x0000037a   Code   RO         1154    .text.elog_output   elog.o
    0x0800332a   0x0800332a   0x00000002   PAD
    0x0800332c   0x0800332c   0x0000003a   Code   RO         1170    .text.elog_output_lock  elog.o
    0x08003366   0x08003366   0x00000002   PAD
    0x08003368   0x08003368   0x00000082   Code   RO         1140    .text.elog_output_lock_enabled  elog.o
    0x080033ea   0x080033ea   0x00000002   PAD
    0x080033ec   0x080033ec   0x0000003a   Code   RO         1172    .text.elog_output_unlock  elog.o
    0x08003426   0x08003426   0x00000002   PAD
    0x08003428   0x08003428   0x0000002a   Code   RO         1227    .text.elog_port_get_time  elog_port.o
    0x08003452   0x08003452   0x00000002   PAD
    0x08003454   0x08003454   0x00000032   Code   RO         1217    .text.elog_port_init  elog_port.o
    0x08003486   0x08003486   0x00000002   PAD
    0x08003488   0x08003488   0x0000001c   Code   RO         1221    .text.elog_port_output  elog_port.o
    0x080034a4   0x080034a4   0x00000026   Code   RO         1223    .text.elog_port_output_lock  elog_port.o
    0x080034ca   0x080034ca   0x00000002   PAD
    0x080034cc   0x080034cc   0x00000028   Code   RO         1225    .text.elog_port_output_unlock  elog_port.o
    0x080034f4   0x080034f4   0x00000098   Code   RO         1144    .text.elog_set_filter_lvl  elog.o
    0x0800358c   0x0800358c   0x00000076   Code   RO         1146    .text.elog_set_filter_tag_lvl_default  elog.o
    0x08003602   0x08003602   0x00000002   PAD
    0x08003604   0x08003604   0x000000a2   Code   RO         1162    .text.elog_set_fmt  elog.o
    0x080036a6   0x080036a6   0x00000002   PAD
    0x080036a8   0x080036a8   0x000000a4   Code   RO         1152    .text.elog_set_output_enabled  elog.o
    0x0800374c   0x0800374c   0x000000aa   Code   RO         1142    .text.elog_set_text_color_enabled  elog.o
    0x080037f6   0x080037f6   0x00000002   PAD
    0x080037f8   0x080037f8   0x0000005c   Code   RO         1150    .text.elog_start    elog.o
    0x08003854   0x08003854   0x00000134   Code   RO         1203    .text.elog_strcpy   elog_utils.o
    0x08003988   0x08003988   0x00000030   Code   RO           97    .text.fputc         usart.o
    0x080039b8   0x080039b8   0x000000bc   Code   RO         1180    .text.get_fmt_enabled  elog.o
    0x08003a74   0x08003a74   0x000000b0   Code   RO           63    .text.led_init      led.o
    0x08003b24   0x08003b24   0x0000009c   Code   RO            6    .text.main          main.o
    0x08003bc0   0x08003bc0   0x0000011a   Code   RO         1007    .text.prvAddCurrentTaskToDelayedList  tasks.o
    0x08003cda   0x08003cda   0x00000002   PAD
    0x08003cdc   0x08003cdc   0x00000154   Code   RO          995    .text.prvAddNewTaskToReadyList  tasks.o
    0x08003e30   0x08003e30   0x0000005a   Code   RO         1105    .text.prvCheckTasksWaitingTermination  tasks.o
    0x08003e8a   0x08003e8a   0x00000002   PAD
    0x08003e8c   0x08003e8c   0x000000cc   Code   RO          935    .text.prvCopyDataToQueue  queue.o
    0x08003f58   0x08003f58   0x00000018   Code   RO         1001    .text.prvDeleteTCB  tasks.o
    0x08003f70   0x08003f70   0x00000026   Code   RO          951    .text.prvGetDisinheritPriorityAfterTimeout  queue.o
    0x08003f96   0x08003f96   0x00000002   PAD
    0x08003f98   0x08003f98   0x000000bc   Code   RO          833    .text.prvHeapInit   heap_4.o
    0x08004054   0x08004054   0x00000038   Code   RO         1033    .text.prvIdleTask   tasks.o
    0x0800408c   0x0800408c   0x0000002c   Code   RO          923    .text.prvInitialiseMutex  queue.o
    0x080040b8   0x080040b8   0x00000048   Code   RO          919    .text.prvInitialiseNewQueue  queue.o
    0x08004100   0x08004100   0x00000124   Code   RO          993    .text.prvInitialiseNewTask  tasks.o
    0x08004224   0x08004224   0x0000008e   Code   RO         1103    .text.prvInitialiseTaskLists  tasks.o
    0x080042b2   0x080042b2   0x00000002   PAD
    0x080042b4   0x080042b4   0x000000c6   Code   RO          835    .text.prvInsertBlockIntoFreeList  heap_4.o
    0x0800437a   0x0800437a   0x00000002   PAD
    0x0800437c   0x0800437c   0x00000028   Code   RO          949    .text.prvIsQueueEmpty  queue.o
    0x080043a4   0x080043a4   0x0000002e   Code   RO          937    .text.prvIsQueueFull  queue.o
    0x080043d2   0x080043d2   0x00000002   PAD
    0x080043d4   0x080043d4   0x00000028   Code   RO          891    .text.prvPortStartFirstTask  port.o
    0x080043fc   0x080043fc   0x0000003c   Code   RO          999    .text.prvResetNextTaskUnblockTime  tasks.o
    0x08004438   0x08004438   0x0000004c   Code   RO          881    .text.prvTaskExitError  port.o
    0x08004484   0x08004484   0x000000ae   Code   RO          939    .text.prvUnlockQueue  queue.o
    0x08004532   0x08004532   0x00000002   PAD
    0x08004534   0x08004534   0x00000212   Code   RO          831    .text.pvPortMalloc  heap_4.o
    0x08004746   0x08004746   0x00000002   PAD
    0x08004748   0x08004748   0x0000002c   Code   RO         1087    .text.pvTaskIncrementMutexHeldCount  tasks.o
    0x08004774   0x08004774   0x0000005e   Code   RO          879    .text.pxPortInitialiseStack  port.o
    0x080047d2   0x080047d2   0x00000002   PAD
    0x080047d4   0x080047d4   0x0000002e   Code   RO           99    .text.usart_init    usart.o
    0x08004802   0x08004802   0x00000002   PAD
    0x08004804   0x08004804   0x00000048   Code   RO          870    .text.uxListRemove  list.o
    0x0800484c   0x0800484c   0x0000002e   Code   RO          862    .text.vListInitialise  list.o
    0x0800487a   0x0800487a   0x00000002   PAD
    0x0800487c   0x0800487c   0x0000000e   Code   RO          864    .text.vListInitialiseItem  list.o
    0x0800488a   0x0800488a   0x00000002   PAD
    0x0800488c   0x0800488c   0x0000006a   Code   RO          868    .text.vListInsert   list.o
    0x080048f6   0x080048f6   0x00000002   PAD
    0x080048f8   0x080048f8   0x00000014   Code   RO          889    .text.vPortEnableVFP  port.o
    0x0800490c   0x0800490c   0x00000056   Code   RO          895    .text.vPortEnterCritical  port.o
    0x08004962   0x08004962   0x00000002   PAD
    0x08004964   0x08004964   0x0000004a   Code   RO          897    .text.vPortExitCritical  port.o
    0x080049ae   0x080049ae   0x00000002   PAD
    0x080049b0   0x080049b0   0x000000ce   Code   RO          837    .text.vPortFree     heap_4.o
    0x08004a7e   0x08004a7e   0x00000002   PAD
    0x08004a80   0x08004a80   0x00000044   Code   RO          887    .text.vPortSetupTimerInterrupt  port.o
    0x08004ac4   0x08004ac4   0x0000006e   Code   RO         1011    .text.vTaskDelay    tasks.o
    0x08004b32   0x08004b32   0x00000002   PAD
    0x08004b34   0x08004b34   0x00000024   Code   RO         1063    .text.vTaskInternalSetTimeOutState  tasks.o
    0x08004b58   0x08004b58   0x0000000e   Code   RO         1067    .text.vTaskMissedYield  tasks.o
    0x08004b66   0x08004b66   0x00000002   PAD
    0x08004b68   0x08004b68   0x00000042   Code   RO         1053    .text.vTaskPlaceOnEventList  tasks.o
    0x08004baa   0x08004baa   0x00000002   PAD
    0x08004bac   0x08004bac   0x00000182   Code   RO         1083    .text.vTaskPriorityDisinheritAfterTimeout  tasks.o
    0x08004d2e   0x08004d2e   0x00000002   PAD
    0x08004d30   0x08004d30   0x000000a0   Code   RO         1031    .text.vTaskStartScheduler  tasks.o
    0x08004dd0   0x08004dd0   0x00000010   Code   RO         1005    .text.vTaskSuspendAll  tasks.o
    0x08004de0   0x08004de0   0x000000be   Code   RO         1023    .text.vTaskSwitchContext  tasks.o
    0x08004e9e   0x08004e9e   0x00000002   PAD
    0x08004ea0   0x08004ea0   0x0000017c   Code   RO          885    .text.xPortStartScheduler  port.o
    0x0800501c   0x0800501c   0x00000026   Code   RO          921    .text.xQueueCreateMutex  queue.o
    0x08005042   0x08005042   0x00000002   PAD
    0x08005044   0x08005044   0x0000009a   Code   RO          917    .text.xQueueGenericCreate  queue.o
    0x080050de   0x080050de   0x00000002   PAD
    0x080050e0   0x080050e0   0x00000108   Code   RO          915    .text.xQueueGenericReset  queue.o
    0x080051e8   0x080051e8   0x000001f4   Code   RO          927    .text.xQueueGenericSend  queue.o
    0x080053dc   0x080053dc   0x000001d8   Code   RO          931    .text.xQueueSemaphoreTake  queue.o
    0x080055b4   0x080055b4   0x000000d2   Code   RO         1065    .text.xTaskCheckForTimeOut  tasks.o
    0x08005686   0x08005686   0x00000002   PAD
    0x08005688   0x08005688   0x000000a0   Code   RO          991    .text.xTaskCreate   tasks.o
    0x08005728   0x08005728   0x00000014   Code   RO         1039    .text.xTaskGetTickCount  tasks.o
    0x0800573c   0x0800573c   0x00000260   Code   RO         1037    .text.xTaskIncrementTick  tasks.o
    0x0800599c   0x0800599c   0x00000138   Code   RO         1081    .text.xTaskPriorityDisinherit  tasks.o
    0x08005ad4   0x08005ad4   0x0000015c   Code   RO         1079    .text.xTaskPriorityInherit  tasks.o
    0x08005c30   0x08005c30   0x0000018c   Code   RO         1057    .text.xTaskRemoveFromEventList  tasks.o
    0x08005dbc   0x08005dbc   0x00000222   Code   RO         1009    .text.xTaskResumeAll  tasks.o
    0x08005fde   0x08005fde   0x0000003e   Code   RO         1443    CL$$btod_d2e        c_w.l(btod.o)
    0x0800601c   0x0800601c   0x00000046   Code   RO         1445    CL$$btod_d2e_denorm_low  c_w.l(btod.o)
    0x08006062   0x08006062   0x00000060   Code   RO         1444    CL$$btod_d2e_norm_op1  c_w.l(btod.o)
    0x080060c2   0x080060c2   0x00000002   PAD
    0x080060c4   0x080060c4   0x00000338   Code   RO         1453    CL$$btod_div_common  c_w.l(btod.o)
    0x080063fc   0x080063fc   0x000000dc   Code   RO         1450    CL$$btod_e2e        c_w.l(btod.o)
    0x080064d8   0x080064d8   0x0000002a   Code   RO         1447    CL$$btod_ediv       c_w.l(btod.o)
    0x08006502   0x08006502   0x0000002a   Code   RO         1446    CL$$btod_emul       c_w.l(btod.o)
    0x0800652c   0x0800652c   0x00000244   Code   RO         1452    CL$$btod_mult_common  c_w.l(btod.o)
    0x08006770   0x08006770   0x00000030   Code   RO         1485    i.__ARM_fpclassify  m_wm.l(fpclassify.o)
    0x080067a0   0x080067a0   0x0000000e   Code   RO         1345    i._is_digit         c_w.l(__printf_wp.o)
    0x080067ae   0x080067ae   0x00000002   PAD
    0x080067b0   0x080067b0   0x0000002c   Code   RO         1468    locale$$code        c_w.l(lc_numeric_c.o)
    0x080067dc   0x080067dc   0x0000002c   Code   RO         1497    locale$$code        c_w.l(lc_ctype_c.o)
    0x08006808   0x08006808   0x0000001a   Code   RO         1565    x$fpl$fpinit        fz_wm.l(fpinit.o)
    0x08006822   0x08006822   0x00000004   Code   RO         1380    x$fpl$printf1       fz_wm.l(printf1.o)
    0x08006826   0x08006826   0x00000004   Code   RO         1382    x$fpl$printf2       fz_wm.l(printf2.o)
    0x0800682a   0x0800682a   0x00000000   Code   RO         1484    x$fpl$usenofp       fz_wm.l(usenofp.o)
    0x0800682a   0x0800682a   0x00000002   PAD
    0x0800682c   0x0800682c   0x00000008   Data   RO         1304    .constdata          c_w.l(_printf_wctomb.o)
    0x08006834   0x08006834   0x00000028   Data   RO         1333    .constdata          c_w.l(_printf_hex_int_ll_ptr.o)
    0x0800685c   0x0800685c   0x00000011   Data   RO         1353    .constdata          c_w.l(__printf_flags_ss_wp.o)
    0x0800686d   0x0800686d   0x00000026   Data   RO         1414    .constdata          c_w.l(_printf_fp_hex.o)
    0x08006893   0x08006893   0x00000001   PAD
    0x08006894   0x08006894   0x00000094   Data   RO         1441    .constdata          c_w.l(bigflt0.o)
    0x08006928   0x08006928   0x00000010   Data   RO           45    .rodata.AHBPrescTable  system_stm32f4xx.o
    0x08006938   0x08006938   0x00000008   Data   RO           46    .rodata.APBPrescTable  system_stm32f4xx.o
    0x08006940   0x08006940   0x0000006a   Data   RO           12    .rodata.str1.1      main.o
    0x080069aa   0x080069aa   0x00000005   Data   RO         1123    .rodata.str1.1      tasks.o
    0x080069af   0x080069af   0x000001ad   Data   RO         1191    .rodata.str1.1      elog.o
    0x08006b5c   0x08006b5c   0x0000003e   Data   RO         1209    .rodata.str1.1      elog_utils.o
    0x08006b9a   0x08006b9a   0x00000009   Data   RO         1234    .rodata.str1.1      elog_port.o
    0x08006ba3   0x08006ba3   0x00000001   PAD
    0x08006ba4   0x08006ba4   0x00000004   Data   RO         1108    .rodata.uxTopUsedPriority  tasks.o
    0x08006ba8   0x08006ba8   0x00000030   Data   RO         1615    Region$$Table       anon$$obj.o
    0x08006bd8   0x08006bd8   0x0000001c   Data   RO         1467    locale$$data        c_w.l(lc_numeric_c.o)
    0x08006bf4   0x08006bf4   0x00000110   Data   RO         1496    locale$$data        c_w.l(lc_ctype_c.o)


    Execution Region RW_IRAM2 (Exec base: 0x10000000, Load base: 0x08006d08, Size: 0x00001d78, Max: 0x00010000, ABSOLUTE)

    Exec Addr    Load Addr    Size         Type   Attr      Idx    E Section Name        Object

    0x10000000   0x08006d08   0x00000004   Data   RW           13    .ARM.use_no_argv    main.o
    0x10000004   0x08006d0c   0x00000004   Data   RW           44    .data.SystemCoreClock  system_stm32f4xx.o
    0x10000008   0x08006d10   0x00000018   Data   RW         1194    .data.color_output_info  elog.o
    0x10000020   0x08006d28   0x00000018   Data   RW         1195    .data.level_output_info  elog.o
    0x10000038   0x08006d40   0x00000001   Data   RW          167    .data.uwTickFreq    stm32f4xx_hal.o
    0x10000039   0x08006d41   0x00000003   PAD
    0x1000003c   0x08006d44   0x00000004   Data   RW          166    .data.uwTickPrio    stm32f4xx_hal.o
    0x10000040   0x08006d48   0x00000004   Data   RW          907    .data.uxCriticalNesting  port.o
    0x10000044   0x08006d4c   0x00000004   PAD
    0x10000048        -       0x00000060   Zero   RW         1488    .bss                c_w.l(libspace.o)
    0x100000a8        -       0x00000054   Zero   RW          104    .bss.__stdout       usart.o
    0x100000fc        -       0x000000f8   Zero   RW         1190    .bss.elog           elog.o
    0x100001f4        -       0x00000004   Zero   RW         1192    .bss.elog_assert_hook  elog.o
    0x100001f8        -       0x00000001   Zero   RW         1235    .bss.elog_port_get_time.cur_system_time  elog_port.o
    0x100001f9   0x08006d4c   0x00000003   PAD
    0x100001fc        -       0x00000044   Zero   RW          103    .bss.g_uart1_handle  usart.o
    0x10000240        -       0x00000200   Zero   RW         1193    .bss.log_buf        elog.o
    0x10000440        -       0x00000004   Zero   RW         1107    .bss.pxCurrentTCB   tasks.o
    0x10000444        -       0x00000004   Zero   RW         1118    .bss.pxDelayedTaskList  tasks.o
    0x10000448        -       0x00000004   Zero   RW          847    .bss.pxEnd          heap_4.o
    0x1000044c        -       0x00000004   Zero   RW         1119    .bss.pxOverflowDelayedTaskList  tasks.o
    0x10000450        -       0x00000064   Zero   RW         1109    .bss.pxReadyTasksLists  tasks.o
    0x100004b4        -       0x00000001   Zero   RW          905    .bss.ucMaxSysCallPriority  port.o
    0x100004b5   0x08006d4c   0x00000003   PAD
    0x100004b8        -       0x00000004   Zero   RW          906    .bss.ulMaxPRIGROUPValue  port.o
    0x100004bc        -       0x00000004   Zero   RW          168    .bss.uwTick         stm32f4xx_hal.o
    0x100004c0        -       0x00000004   Zero   RW         1114    .bss.uxCurrentNumberOfTasks  tasks.o
    0x100004c4        -       0x00000004   Zero   RW         1113    .bss.uxDeletedTasksWaitingCleanUp  tasks.o
    0x100004c8        -       0x00000004   Zero   RW         1116    .bss.uxSchedulerSuspended  tasks.o
    0x100004cc        -       0x00000004   Zero   RW         1111    .bss.uxTaskNumber   tasks.o
    0x100004d0        -       0x00000004   Zero   RW         1110    .bss.uxTopReadyPriority  tasks.o
    0x100004d4        -       0x00000004   Zero   RW          848    .bss.xBlockAllocatedBit  heap_4.o
    0x100004d8        -       0x00000014   Zero   RW         1128    .bss.xDelayedTaskList1  tasks.o
    0x100004ec        -       0x00000014   Zero   RW         1129    .bss.xDelayedTaskList2  tasks.o
    0x10000500        -       0x00000004   Zero   RW         1233    .bss.xElog_MutexSemaphore  elog_port.o
    0x10000504        -       0x00000004   Zero   RW          849    .bss.xFreeBytesRemaining  heap_4.o
    0x10000508        -       0x00000004   Zero   RW         1124    .bss.xIdleTaskHandle  tasks.o
    0x1000050c        -       0x00000004   Zero   RW          851    .bss.xMinimumEverFreeBytesRemaining  heap_4.o
    0x10000510        -       0x00000004   Zero   RW         1125    .bss.xNextTaskUnblockTime  tasks.o
    0x10000514        -       0x00000004   Zero   RW         1127    .bss.xNumOfOverflows  tasks.o
    0x10000518        -       0x00000004   Zero   RW          852    .bss.xNumberOfSuccessfulAllocations  heap_4.o
    0x1000051c        -       0x00000004   Zero   RW          853    .bss.xNumberOfSuccessfulFrees  heap_4.o
    0x10000520        -       0x00000004   Zero   RW         1126    .bss.xPendedTicks   tasks.o
    0x10000524        -       0x00000014   Zero   RW         1122    .bss.xPendingReadyList  tasks.o
    0x10000538        -       0x00000004   Zero   RW         1115    .bss.xSchedulerRunning  tasks.o
    0x1000053c        -       0x00000008   Zero   RW          850    .bss.xStart         heap_4.o
    0x10000544        -       0x00000014   Zero   RW         1120    .bss.xSuspendedTaskList  tasks.o
    0x10000558        -       0x00000014   Zero   RW         1112    .bss.xTasksWaitingTermination  tasks.o
    0x1000056c        -       0x00000004   Zero   RW         1117    .bss.xTickCount     tasks.o
    0x10000570        -       0x00000004   Zero   RW         1121    .bss.xYieldPending  tasks.o
    0x10000574   0x08006d4c   0x00000004   PAD
    0x10000578        -       0x00000800   Zero   RW           54    HEAP                startup_stm32f407xx.o
    0x10000d78        -       0x00001000   Zero   RW           53    STACK               startup_stm32f407xx.o


    Execution Region RW_IRAM1 (Exec base: 0x20000000, Load base: 0x08006d04, Size: 0x0001e000, Max: 0x00020000, ABSOLUTE)

    Exec Addr    Load Addr    Size         Type   Attr      Idx    E Section Name        Object

    0x20000000        -       0x0001e000   Zero   RW          854    .bss.ucHeap         heap_4.o


==============================================================================

Image component sizes


      Code (inc. data)   RO Data    RW Data    ZI Data      Debug   Object Name

      2630          0        429         48        764       7910   elog.o
       198          0          9          0          5       2020   elog_port.o
       308          0         62          0          0       1315   elog_utils.o
      1122          0          0          0     122912       4273   heap_4.o
       176          0          0          0          0       2072   led.o
       238          0          0          0          0       2076   list.o
       534          0        106          4          0       3527   main.o
      1034         16          0          4          5       3771   port.o
      2046          0          0          0          0      14957   queue.o
        64         26        392          0       6144        936   startup_stm32f407xx.o
       180          0          0          5          4       7082   stm32f4xx_hal.o
       414          0          0          0          0       9401   stm32f4xx_hal_cortex.o
      1034          0          0          0          0       5070   stm32f4xx_hal_gpio.o
      2650          0          0          0          0       7552   stm32f4xx_hal_rcc.o
       468          0          0          0          0      20003   stm32f4xx_hal_uart.o
        20          0          0          0          0        752   stm32f4xx_it.o
        18          0         24          4          0       2582   system_stm32f4xx.o
      4908          0          9          0        260      23533   tasks.o
       274          0          0          0        152       5273   usart.o

    ----------------------------------------------------------------------
     18442         54       1080         68     130260     124105   Object Totals
         0          0         48          0          0          0   (incl. Generated)
       126         12          1          3         14          0   (incl. Padding)

    ----------------------------------------------------------------------

      Code (inc. data)   RO Data    RW Data    ZI Data      Debug   Library Member Name

         8          0          0          0          0         68   __main.o
       392          4         17          0          0         92   __printf_flags_ss_wp.o
        14          0          0          0          0         68   __printf_wp.o
         0          0          0          0          0          0   __rtentry.o
        12          0          0          0          0          0   __rtentry2.o
         6          0          0          0          0          0   __rtentry4.o
        52          8          0          0          0          0   __scatter.o
        26          0          0          0          0          0   __scatter_copy.o
        28          0          0          0          0          0   __scatter_zi.o
        72          0          0          0          0         96   _c16rtomb.o
         6          0          0          0          0          0   _printf_a.o
         6          0          0          0          0          0   _printf_c.o
        44          0          0          0          0        108   _printf_char.o
        48          6          0          0          0         96   _printf_char_common.o
        36          4          0          0          0         80   _printf_char_file.o
        40          0          0          0          0         68   _printf_charcount.o
         6          0          0          0          0          0   _printf_d.o
       120         16          0          0          0         92   _printf_dec.o
         6          0          0          0          0          0   _printf_e.o
         6          0          0          0          0          0   _printf_f.o
      1052          0          0          0          0        148   _printf_fp_dec.o
       764          8         38          0          0        100   _printf_fp_hex.o
       128         16          0          0          0         84   _printf_fp_infnan.o
         6          0          0          0          0          0   _printf_g.o
       148          4         40          0          0        160   _printf_hex_int_ll_ptr.o
         6          0          0          0          0          0   _printf_i.o
       178          0          0          0          0         88   _printf_intcommon.o
        10          0          0          0          0          0   _printf_l.o
         6          0          0          0          0          0   _printf_lc.o
        10          0          0          0          0          0   _printf_ll.o
         6          0          0          0          0          0   _printf_lld.o
         6          0          0          0          0          0   _printf_lli.o
         6          0          0          0          0          0   _printf_llo.o
         6          0          0          0          0          0   _printf_llu.o
         6          0          0          0          0          0   _printf_llx.o
       124         16          0          0          0         92   _printf_longlong_dec.o
         6          0          0          0          0          0   _printf_ls.o
         6          0          0          0          0          0   _printf_n.o
         6          0          0          0          0          0   _printf_o.o
       112          8          0          0          0        124   _printf_oct_int_ll.o
         6          0          0          0          0          0   _printf_p.o
        78          0          0          0          0        108   _printf_pad.o
         0          0          0          0          0          0   _printf_percent.o
         4          0          0          0          0          0   _printf_percent_end.o
         6          0          0          0          0          0   _printf_s.o
        82          0          0          0          0         80   _printf_str.o
        36          0          0          0          0         84   _printf_truncate.o
         6          0          0          0          0          0   _printf_u.o
        44          0          0          0          0        108   _printf_wchar.o
       188          6          8          0          0         92   _printf_wctomb.o
         6          0          0          0          0          0   _printf_x.o
        16          0          0          0          0         68   _snputc.o
        10          0          0          0          0         68   _sputc.o
        16          0          0          0          0         68   aeabi_memset4.o
       228          4        148          0          0         96   bigflt0.o
      1936        128          0          0          0        668   btod.o
        18          0          0          0          0         80   exit.o
         8          0          0          0          0         68   ferror.o
         6          0          0          0          0        152   heapauxi.o
        44         10        272          0          0         76   lc_ctype_c.o
        44         10         28          0          0         76   lc_numeric_c.o
         2          0          0          0          0          0   libinit.o
        34          0          0          0          0          0   libinit2.o
         2          0          0          0          0          0   libshutdown.o
         2          0          0          0          0          0   libshutdown2.o
         8          4          0          0         96         68   libspace.o
       138          0          0          0          0         80   lludiv10.o
       240          0          0          0          0        100   lludivv7m.o
        24          4          0          0          0         84   printf.o
        16          4          0          0          0         76   rt_ctype_table.o
         8          4          0          0          0         68   rt_locale_intlibspace.o
        68          0          0          0          0         68   rt_memclr.o
        78          0          0          0          0         80   rt_memclr_w.o
       138          0          0          0          0         68   rt_memcpy_v6.o
       100          0          0          0          0         80   rt_memcpy_w.o
         2          0          0          0          0          0   rtexit.o
        10          0          0          0          0          0   rtexit2.o
        56          6          0          0          0         88   snprintf.o
       124          0          0          0          0         88   strcmpv7em.o
        62          0          0          0          0         76   strlen.o
       150          0          0          0          0         80   strncmp.o
        36          0          0          0          0         80   strstr.o
        74          0          0          0          0         80   sys_stackheap_outer.o
         2          0          0          0          0         68   use_no_semi.o
         2          0          0          0          0         68   use_no_semi_2.o
        52          4          0          0          0         80   vsnprintf.o
        26          0          0          0          0        116   fpinit.o
         4          0          0          0          0        116   printf1.o
         4          0          0          0          0        116   printf2.o
         0          0          0          0          0          0   usenofp.o
        48          0          0          0          0        124   fpclassify.o

    ----------------------------------------------------------------------
      7834        278        552          0         96       5408   Library Totals
        22          4          1          0          0          0   (incl. Padding)

    ----------------------------------------------------------------------

      Code (inc. data)   RO Data    RW Data    ZI Data      Debug   Library Name

      7730        274        551          0         96       4936   c_w.l
        34          0          0          0          0        348   fz_wm.l
        48          0          0          0          0        124   m_wm.l

    ----------------------------------------------------------------------
      7834        278        552          0         96       5408   Library Totals

    ----------------------------------------------------------------------

==============================================================================


      Code (inc. data)   RO Data    RW Data    ZI Data      Debug   

     26276        332       1632         68     130356     126217   Grand Totals
     26276        332       1632         68     130356     126217   ELF Image Totals
     26276        332       1632         68          0          0   ROM Totals

==============================================================================

    Total RO  Size (Code + RO Data)                27908 (  27.25kB)
    Total RW  Size (RW Data + ZI Data)            130424 ( 127.37kB)
    Total ROM Size (Code + RO Data + RW Data)      27976 (  27.32kB)

==============================================================================

